Component: ARM Compiler 5.06 update 4 (build 422) Tool: armlink [4d35d2]

==============================================================================

Section Cross References

    startup_stm32f103xb.o(RESET) refers to startup_stm32f103xb.o(STACK) for __initial_sp
    startup_stm32f103xb.o(RESET) refers to startup_stm32f103xb.o(.text) for Reset_Handler
    startup_stm32f103xb.o(RESET) refers to stm32f1xx_it.o(i.NMI_Handler) for NMI_Handler
    startup_stm32f103xb.o(RESET) refers to stm32f1xx_it.o(i.HardFault_Handler) for HardFault_Handler
    startup_stm32f103xb.o(RESET) refers to stm32f1xx_it.o(i.MemManage_Handler) for MemManage_Handler
    startup_stm32f103xb.o(RESET) refers to stm32f1xx_it.o(i.BusFault_Handler) for BusFault_Handler
    startup_stm32f103xb.o(RESET) refers to stm32f1xx_it.o(i.UsageFault_Handler) for UsageFault_Handler
    startup_stm32f103xb.o(RESET) refers to stm32f1xx_it.o(i.SVC_Handler) for SVC_Handler
    startup_stm32f103xb.o(RESET) refers to stm32f1xx_it.o(i.DebugMon_Handler) for DebugMon_Handler
    startup_stm32f103xb.o(RESET) refers to stm32f1xx_it.o(i.PendSV_Handler) for PendSV_Handler
    startup_stm32f103xb.o(RESET) refers to stm32f1xx_it.o(i.SysTick_Handler) for SysTick_Handler
    startup_stm32f103xb.o(RESET) refers to stm32f1xx_it.o(i.DMA1_Channel4_IRQHandler) for DMA1_Channel4_IRQHandler
    startup_stm32f103xb.o(RESET) refers to stm32f1xx_it.o(i.DMA1_Channel5_IRQHandler) for DMA1_Channel5_IRQHandler
    startup_stm32f103xb.o(RESET) refers to stm32f1xx_it.o(i.DMA1_Channel6_IRQHandler) for DMA1_Channel6_IRQHandler
    startup_stm32f103xb.o(RESET) refers to stm32f1xx_it.o(i.DMA1_Channel7_IRQHandler) for DMA1_Channel7_IRQHandler
    startup_stm32f103xb.o(RESET) refers to stm32f1xx_it.o(i.TIM1_BRK_IRQHandler) for TIM1_BRK_IRQHandler
    startup_stm32f103xb.o(RESET) refers to stm32f1xx_it.o(i.TIM1_UP_IRQHandler) for TIM1_UP_IRQHandler
    startup_stm32f103xb.o(RESET) refers to stm32f1xx_it.o(i.TIM1_TRG_COM_IRQHandler) for TIM1_TRG_COM_IRQHandler
    startup_stm32f103xb.o(RESET) refers to stm32f1xx_it.o(i.TIM1_CC_IRQHandler) for TIM1_CC_IRQHandler
    startup_stm32f103xb.o(RESET) refers to stm32f1xx_it.o(i.TIM2_IRQHandler) for TIM2_IRQHandler
    startup_stm32f103xb.o(RESET) refers to stm32f1xx_it.o(i.TIM3_IRQHandler) for TIM3_IRQHandler
    startup_stm32f103xb.o(RESET) refers to stm32f1xx_it.o(i.USART1_IRQHandler) for USART1_IRQHandler
    startup_stm32f103xb.o(RESET) refers to stm32f1xx_it.o(i.USART2_IRQHandler) for USART2_IRQHandler
    startup_stm32f103xb.o(RESET) refers to stm32f1xx_it.o(i.USART3_IRQHandler) for USART3_IRQHandler
    startup_stm32f103xb.o(.text) refers to system_stm32f1xx_1.o(i.SystemInit) for SystemInit
    startup_stm32f103xb.o(.text) refers to entry.o(.ARM.Collect$$$$00000000) for __main
    system_stm32f1xx_1.o(i.SystemCoreClockUpdate) refers to system_stm32f1xx_1.o(.data) for .data
    system_stm32f1xx_1.o(i.SystemCoreClockUpdate) refers to system_stm32f1xx_1.o(.constdata) for .constdata
    stm32f1xx_hal_tim.o(i.HAL_TIM_Base_DeInit) refers to tim.o(i.HAL_TIM_Base_MspDeInit) for HAL_TIM_Base_MspDeInit
    stm32f1xx_hal_tim.o(i.HAL_TIM_Base_Init) refers to tim.o(i.HAL_TIM_Base_MspInit) for HAL_TIM_Base_MspInit
    stm32f1xx_hal_tim.o(i.HAL_TIM_Base_Init) refers to stm32f1xx_hal_tim.o(i.TIM_Base_SetConfig) for TIM_Base_SetConfig
    stm32f1xx_hal_tim.o(i.HAL_TIM_Base_Start_DMA) refers to stm32f1xx_hal_dma.o(i.HAL_DMA_Start_IT) for HAL_DMA_Start_IT
    stm32f1xx_hal_tim.o(i.HAL_TIM_Base_Start_DMA) refers to stm32f1xx_hal_tim.o(i.TIM_DMAPeriodElapsedCplt) for TIM_DMAPeriodElapsedCplt
    stm32f1xx_hal_tim.o(i.HAL_TIM_Base_Start_DMA) refers to stm32f1xx_hal_tim.o(i.TIM_DMAError) for TIM_DMAError
    stm32f1xx_hal_tim.o(i.HAL_TIM_ConfigClockSource) refers to stm32f1xx_hal_tim.o(i.TIM_ETR_SetConfig) for TIM_ETR_SetConfig
    stm32f1xx_hal_tim.o(i.HAL_TIM_ConfigClockSource) refers to stm32f1xx_hal_tim.o(i.TIM_TI1_ConfigInputStage) for TIM_TI1_ConfigInputStage
    stm32f1xx_hal_tim.o(i.HAL_TIM_ConfigClockSource) refers to stm32f1xx_hal_tim.o(i.TIM_TI2_ConfigInputStage) for TIM_TI2_ConfigInputStage
    stm32f1xx_hal_tim.o(i.HAL_TIM_ConfigClockSource) refers to stm32f1xx_hal_tim.o(i.TIM_ITRx_SetConfig) for TIM_ITRx_SetConfig
    stm32f1xx_hal_tim.o(i.HAL_TIM_ConfigOCrefClear) refers to stm32f1xx_hal_tim.o(i.TIM_ETR_SetConfig) for TIM_ETR_SetConfig
    stm32f1xx_hal_tim.o(i.HAL_TIM_DMABurst_ReadStart) refers to stm32f1xx_hal_dma.o(i.HAL_DMA_Start_IT) for HAL_DMA_Start_IT
    stm32f1xx_hal_tim.o(i.HAL_TIM_DMABurst_ReadStart) refers to stm32f1xx_hal_tim.o(i.TIM_DMAError) for TIM_DMAError
    stm32f1xx_hal_tim.o(i.HAL_TIM_DMABurst_ReadStart) refers to stm32f1xx_hal_tim.o(i.TIM_DMACaptureCplt) for TIM_DMACaptureCplt
    stm32f1xx_hal_tim.o(i.HAL_TIM_DMABurst_ReadStart) refers to stm32f1xx_hal_tim.o(i.TIM_DMAPeriodElapsedCplt) for TIM_DMAPeriodElapsedCplt
[...]
    Removing stm32f1xx_hal_flash.o(i.HAL_FLASH_Program_IT), (100 bytes).
    Removing stm32f1xx_hal_flash.o(i.HAL_FLASH_Unlock), (40 bytes).
    Removing stm32f1xx_hal_flash.o(.bss), (32 bytes).
    Removing stm32f1xx_hal_flash_ex.o(.rev16_text), (4 bytes).
    Removing stm32f1xx_hal_flash_ex.o(.revsh_text), (4 bytes).
    Removing stm32f1xx_hal_flash_ex.o(.rrx_text), (6 bytes).
    Removing stm32f1xx_hal_flash_ex.o(i.FLASH_MassErase), (36 bytes).
    Removing stm32f1xx_hal_flash_ex.o(i.FLASH_OB_DisableWRP), (176 bytes).
    Removing stm32f1xx_hal_flash_ex.o(i.FLASH_OB_EnableWRP), (176 bytes).
    Removing stm32f1xx_hal_flash_ex.o(i.FLASH_OB_GetRDP), (24 bytes).
    Removing stm32f1xx_hal_flash_ex.o(i.FLASH_OB_RDP_LevelConfig), (100 bytes).
    Removing stm32f1xx_hal_flash_ex.o(i.FLASH_PageErase), (36 bytes).
    Removing stm32f1xx_hal_flash_ex.o(i.HAL_FLASHEx_Erase), (168 bytes).
    Removing stm32f1xx_hal_flash_ex.o(i.HAL_FLASHEx_Erase_IT), (84 bytes).
    Removing stm32f1xx_hal_flash_ex.o(i.HAL_FLASHEx_OBErase), (84 bytes).
    Removing stm32f1xx_hal_flash_ex.o(i.HAL_FLASHEx_OBGetConfig), (36 bytes).
    Removing stm32f1xx_hal_flash_ex.o(i.HAL_FLASHEx_OBGetUserData), (32 bytes).
    Removing stm32f1xx_hal_flash_ex.o(i.HAL_FLASHEx_OBProgram), (200 bytes).
    Removing main.o(.rev16_text), (4 bytes).
    Removing main.o(.revsh_text), (4 bytes).
    Removing main.o(.rrx_text), (6 bytes).
    Removing gpio.o(.rev16_text), (4 bytes).
    Removing gpio.o(.revsh_text), (4 bytes).
    Removing gpio.o(.rrx_text), (6 bytes).
    Removing dma.o(.rev16_text), (4 bytes).
    Removing dma.o(.revsh_text), (4 bytes).
    Removing dma.o(.rrx_text), (6 bytes).
    Removing tim.o(.rev16_text), (4 bytes).
    Removing tim.o(.revsh_text), (4 bytes).
    Removing tim.o(.rrx_text), (6 bytes).
    Removing tim.o(i.HAL_TIM_Base_MspDeInit), (116 bytes).
    Removing tim.o(i.HAL_TIM_PWM_MspDeInit), (28 bytes).
    Removing usart.o(.rev16_text), (4 bytes).
    Removing usart.o(.revsh_text), (4 bytes).
    Removing usart.o(.rrx_text), (6 bytes).
    Removing usart.o(i.HAL_UART_MspDeInit), (148 bytes).
    Removing usart.o(i.fputc), (24 bytes).
    Removing stm32f1xx_it.o(.rev16_text), (4 bytes).
    Removing stm32f1xx_it.o(.revsh_text), (4 bytes).
    Removing stm32f1xx_it.o(.rrx_text), (6 bytes).
    Removing stm32f1xx_hal_msp.o(.rev16_text), (4 bytes).
    Removing stm32f1xx_hal_msp.o(.revsh_text), (4 bytes).
    Removing stm32f1xx_hal_msp.o(.rrx_text), (6 bytes).
    Removing scheduler.o(.rev16_text), (4 bytes).
    Removing scheduler.o(.revsh_text), (4 bytes).
    Removing scheduler.o(.rrx_text), (6 bytes).
    Removing scheduler.o(i.get_load_average), (48 bytes).
    Removing scheduler.o(i.get_time_available_usec), (32 bytes).
    Removing datalink.o(.rev16_text), (4 bytes).
    Removing datalink.o(.revsh_text), (4 bytes).
    Removing datalink.o(.rrx_text), (6 bytes).
    Removing control_velocity.o(.rev16_text), (4 bytes).
    Removing control_velocity.o(.revsh_text), (4 bytes).
    Removing control_velocity.o(.rrx_text), (6 bytes).
    Removing control_velocity.o(i.get_desired_speed), (16 bytes).
    Removing gyro.o(.rev16_text), (4 bytes).
    Removing gyro.o(.revsh_text), (4 bytes).
    Removing gyro.o(.rrx_text), (6 bytes).
    Removing gyro.o(i.get_yaw), (12 bytes).
    Removing control_attitude.o(.rev16_text), (4 bytes).
    Removing control_attitude.o(.revsh_text), (4 bytes).
    Removing control_attitude.o(.rrx_text), (6 bytes).
    Removing control_attitude.o(i.control_attitude_main), (2 bytes).
    Removing auto_disarming.o(.rev16_text), (4 bytes).
    Removing auto_disarming.o(.revsh_text), (4 bytes).
    Removing auto_disarming.o(.rrx_text), (6 bytes).
    Removing encoder.o(.rev16_text), (4 bytes).
    Removing encoder.o(.revsh_text), (4 bytes).
    Removing encoder.o(.rrx_text), (6 bytes).

345 unused section(s) (total 16870 bytes) removed from the image.

==============================================================================

Image Symbol Table

    Local Symbols

    Symbol Name                              Value     Ov Type        Size  Object(Section)

    ../Drivers/STM32F1xx_HAL_Driver/Src/stm32f1xx_hal.c 0x00000000   Number         0  stm32f1xx_hal.o ABSOLUTE
    ../Drivers/STM32F1xx_HAL_Driver/Src/stm32f1xx_hal_cortex.c 0x00000000   Number         0  stm32f1xx_hal_cortex.o ABSOLUTE
    ../Drivers/STM32F1xx_HAL_Driver/Src/stm32f1xx_hal_dma.c 0x00000000   Number         0  stm32f1xx_hal_dma.o ABSOLUTE
    ../Drivers/STM32F1xx_HAL_Driver/Src/stm32f1xx_hal_flash.c 0x00000000   Number         0  stm32f1xx_hal_flash.o ABSOLUTE
    ../Drivers/STM32F1xx_HAL_Driver/Src/stm32f1xx_hal_flash_ex.c 0x00000000   Number         0  stm32f1xx_hal_flash_ex.o ABSOLUTE
    ../Drivers/STM32F1xx_HAL_Driver/Src/stm32f1xx_hal_gpio.c 0x00000000   Number         0  stm32f1xx_hal_gpio.o ABSOLUTE
    ../Drivers/STM32F1xx_HAL_Driver/Src/stm32f1xx_hal_gpio_ex.c 0x00000000   Number         0  stm32f1xx_hal_gpio_ex.o ABSOLUTE
    ../Drivers/STM32F1xx_HAL_Driver/Src/stm32f1xx_hal_pwr.c 0x00000000   Number         0  stm32f1xx_hal_pwr.o ABSOLUTE
    ../Drivers/STM32F1xx_HAL_Driver/Src/stm32f1xx_hal_rcc.c 0x00000000   Number         0  stm32f1xx_hal_rcc.o ABSOLUTE
    ../Drivers/STM32F1xx_HAL_Driver/Src/stm32f1xx_hal_rcc_ex.c 0x00000000   Number         0  stm32f1xx_hal_rcc_ex.o ABSOLUTE
    ../Drivers/STM32F1xx_HAL_Driver/Src/stm32f1xx_hal_tim.c 0x00000000   Number         0  stm32f1xx_hal_tim.o ABSOLUTE
    ../Drivers/STM32F1xx_HAL_Driver/Src/stm32f1xx_hal_tim_ex.c 0x00000000   Number         0  stm32f1xx_hal_tim_ex.o ABSOLUTE
    ../Drivers/STM32F1xx_HAL_Driver/Src/stm32f1xx_hal_uart.c 0x00000000   Number         0  stm32f1xx_hal_uart.o ABSOLUTE
    ../Src/dma.c                             0x00000000   Number         0  dma.o ABSOLUTE
    ../Src/gpio.c                            0x00000000   Number         0  gpio.o ABSOLUTE
    ../Src/main.c                            0x00000000   Number         0  main.o ABSOLUTE
    ../Src/stm32f1xx_hal_msp.c               0x00000000   Number         0  stm32f1xx_hal_msp.o ABSOLUTE
    ../Src/stm32f1xx_it.c                    0x00000000   Number         0  stm32f1xx_it.o ABSOLUTE
    ../Src/system_stm32f1xx.c                0x00000000   Number         0  system_stm32f1xx_1.o ABSOLUTE
    ../Src/tim.c                             0x00000000   Number         0  tim.o ABSOLUTE
    ../Src/usart.c                           0x00000000   Number         0  usart.o ABSOLUTE
    ../clib/microlib/init/entry.s            0x00000000   Number         0  entry.o ABSOLUTE
    ../clib/microlib/init/entry.s            0x00000000   Number         0  entry7b.o ABSOLUTE
    ../clib/microlib/init/entry.s            0x00000000   Number         0  entry5.o ABSOLUTE
    ../clib/microlib/init/entry.s            0x00000000   Number         0  entry10a.o ABSOLUTE
    ../clib/microlib/init/entry.s            0x00000000   Number         0  entry9b.o ABSOLUTE
    ../clib/microlib/init/entry.s            0x00000000   Number         0  entry7a.o ABSOLUTE
    ../clib/microlib/init/entry.s            0x00000000   Number         0  entry9a.o ABSOLUTE
    ../clib/microlib/init/entry.s            0x00000000   Number         0  entry8b.o ABSOLUTE
    ../clib/microlib/init/entry.s            0x00000000   Number         0  entry11a.o ABSOLUTE
    ../clib/microlib/init/entry.s            0x00000000   Number         0  entry11b.o ABSOLUTE
    ../clib/microlib/init/entry.s            0x00000000   Number         0  entry10b.o ABSOLUTE
    ../clib/microlib/init/entry.s            0x00000000   Number         0  entry8a.o ABSOLUTE
    ../clib/microlib/init/entry.s            0x00000000   Number         0  entry2.o ABSOLUTE
    ../clib/microlib/longlong.c              0x00000000   Number         0  llshl.o ABSOLUTE
    ../clib/microlib/longlong.c              0x00000000   Number         0  llushr.o ABSOLUTE
    ../clib/microlib/longlong.c              0x00000000   Number         0  llsshr.o ABSOLUTE
    ../clib/microlib/malloc/malloc.c         0x00000000   Number         0  mallocr.o ABSOLUTE
    ../clib/microlib/malloc/malloc.c         0x00000000   Number         0  mallocra.o ABSOLUTE
    ../clib/microlib/malloc/malloc.c         0x00000000   Number         0  malloc.o ABSOLUTE
    ../clib/microlib/malloc/malloc.c         0x00000000   Number         0  malloca.o ABSOLUTE
    ../clib/microlib/malloc/mvars.c          0x00000000   Number         0  mvars.o ABSOLUTE
    ../clib/microlib/string/memcpy.c         0x00000000   Number         0  memcpya.o ABSOLUTE
    ../clib/microlib/string/memcpy.c         0x00000000   Number         0  memcpyb.o ABSOLUTE
    ../clib/microlib/string/memset.c         0x00000000   Number         0  memseta.o ABSOLUTE
    ../clib/microlib/stubs.s                 0x00000000   Number         0  iusefp.o ABSOLUTE
    ../fplib/microlib/d2f.c                  0x00000000   Number         0  d2f.o ABSOLUTE
    ../fplib/microlib/f2d.c                  0x00000000   Number         0  f2d.o ABSOLUTE
    ../fplib/microlib/fpadd.c                0x00000000   Number         0  fadd.o ABSOLUTE
    ../fplib/microlib/fpadd.c                0x00000000   Number         0  dadd.o ABSOLUTE
    ../fplib/microlib/fpdiv.c                0x00000000   Number         0  fdiv.o ABSOLUTE
    ../fplib/microlib/fpdiv.c                0x00000000   Number         0  ddiv.o ABSOLUTE
    ../fplib/microlib/fpepilogue.c           0x00000000   Number         0  depilogue.o ABSOLUTE
    ../fplib/microlib/fpepilogue.c           0x00000000   Number         0  fepilogue.o ABSOLUTE
    ../fplib/microlib/fpfix.c                0x00000000   Number         0  ffixi.o ABSOLUTE
    ../fplib/microlib/fpflt.c                0x00000000   Number         0  ffltui.o ABSOLUTE
    ../fplib/microlib/fpflt.c                0x00000000   Number         0  fflti.o ABSOLUTE
    ../fplib/microlib/fpflt.c                0x00000000   Number         0  dflti.o ABSOLUTE
    ../fplib/microlib/fpmul.c                0x00000000   Number         0  fmul.o ABSOLUTE
    ../fplib/microlib/fpmul.c                0x00000000   Number         0  dmul.o ABSOLUTE
    ../fplib/microlib/fpscalb.c              0x00000000   Number         0  fscalb.o ABSOLUTE
    ../fplib/microlib/fpscalb.c              0x00000000   Number         0  dscalb.o ABSOLUTE
    ..\Drivers\STM32F1xx_HAL_Driver\Src\stm32f1xx_hal.c 0x00000000   Number         0  stm32f1xx_hal.o ABSOLUTE
    ..\Drivers\STM32F1xx_HAL_Driver\Src\stm32f1xx_hal_cortex.c 0x00000000   Number         0  stm32f1xx_hal_cortex.o ABSOLUTE
    ..\Drivers\STM32F1xx_HAL_Driver\Src\stm32f1xx_hal_dma.c 0x00000000   Number         0  stm32f1xx_hal_dma.o ABSOLUTE
    ..\Drivers\STM32F1xx_HAL_Driver\Src\stm32f1xx_hal_flash.c 0x00000000   Number         0  stm32f1xx_hal_flash.o ABSOLUTE
    ..\Drivers\STM32F1xx_HAL_Driver\Src\stm32f1xx_hal_flash_ex.c 0x00000000   Number         0  stm32f1xx_hal_flash_ex.o ABSOLUTE
    ..\Drivers\STM32F1xx_HAL_Driver\Src\stm32f1xx_hal_gpio.c 0x00000000   Number         0  stm32f1xx_hal_gpio.o ABSOLUTE
    ..\Drivers\STM32F1xx_HAL_Driver\Src\stm32f1xx_hal_gpio_ex.c 0x00000000   Number         0  stm32f1xx_hal_gpio_ex.o ABSOLUTE
    ..\Drivers\STM32F1xx_HAL_Driver\Src\stm32f1xx_hal_pwr.c 0x00000000   Number         0  stm32f1xx_hal_pwr.o ABSOLUTE
    ..\Drivers\STM32F1xx_HAL_Driver\Src\stm32f1xx_hal_rcc.c 0x00000000   Number         0  stm32f1xx_hal_rcc.o ABSOLUTE
    ..\Drivers\STM32F1xx_HAL_Driver\Src\stm32f1xx_hal_rcc_ex.c 0x00000000   Number         0  stm32f1xx_hal_rcc_ex.o ABSOLUTE
    ..\Drivers\STM32F1xx_HAL_Driver\Src\stm32f1xx_hal_tim.c 0x00000000   Number         0  stm32f1xx_hal_tim.o ABSOLUTE
    ..\Drivers\STM32F1xx_HAL_Driver\Src\stm32f1xx_hal_tim_ex.c 0x00000000   Number         0  stm32f1xx_hal_tim_ex.o ABSOLUTE
    ..\Drivers\STM32F1xx_HAL_Driver\Src\stm32f1xx_hal_uart.c 0x00000000   Number         0  stm32f1xx_hal_uart.o ABSOLUTE
    ..\Src\dma.c                             0x00000000   Number         0  dma.o ABSOLUTE
    ..\Src\gpio.c                            0x00000000   Number         0  gpio.o ABSOLUTE
    ..\Src\main.c                            0x00000000   Number         0  main.o ABSOLUTE
    ..\Src\stm32f1xx_hal_msp.c               0x00000000   Number         0  stm32f1xx_hal_msp.o ABSOLUTE
    ..\Src\stm32f1xx_it.c                    0x00000000   Number         0  stm32f1xx_it.o ABSOLUTE
    ..\Src\system_stm32f1xx.c                0x00000000   Number         0  system_stm32f1xx_1.o ABSOLUTE
    ..\Src\tim.c                             0x00000000   Number         0  tim.o ABSOLUTE
    ..\Src\usart.c                           0x00000000   Number         0  usart.o ABSOLUTE
    ..\\modules\\auto_disarming\\auto_disarming.c 0x00000000   Number         0  auto_disarming.o ABSOLUTE
    ..\\modules\\control_attitude\\control_attitude.c 0x00000000   Number         0  control_attitude.o ABSOLUTE
    ..\\modules\\control_velocity\\control_velocity.c 0x00000000   Number         0  control_velocity.o ABSOLUTE
    ..\\modules\\datalink\\datalink.c        0x00000000   Number         0  datalink.o ABSOLUTE
    ..\\modules\\encoder\\encoder.c          0x00000000   Number         0  encoder.o ABSOLUTE
    ..\\modules\\gyro\\gyro.c                0x00000000   Number         0  gyro.o ABSOLUTE
    ..\\modules\\scheduler\\scheduler.c      0x00000000   Number         0  scheduler.o ABSOLUTE
    ..\modules\auto_disarming\auto_disarming.c 0x00000000   Number         0  auto_disarming.o ABSOLUTE
    ..\modules\control_attitude\control_attitude.c 0x00000000   Number         0  control_attitude.o ABSOLUTE
    ..\modules\control_velocity\control_velocity.c 0x00000000   Number         0  control_velocity.o ABSOLUTE
    ..\modules\datalink\datalink.c           0x00000000   Number         0  datalink.o ABSOLUTE
    ..\modules\encoder\encoder.c             0x00000000   Number         0  encoder.o ABSOLUTE
    ..\modules\gyro\gyro.c                   0x00000000   Number         0  gyro.o ABSOLUTE
    ..\modules\scheduler\scheduler.c         0x00000000   Number         0  scheduler.o ABSOLUTE
    dc.s                                     0x00000000   Number         0  dc.o ABSOLUTE
    handlers.s                               0x00000000   Number         0  handlers.o ABSOLUTE
    init.s                                   0x00000000   Number         0  init.o ABSOLUTE
    startup_stm32f103xb.s                    0x00000000   Number         0  startup_stm32f103xb.o ABSOLUTE
    RESET                                    0x08000000   Section      236  startup_stm32f103xb.o(RESET)
    .ARM.Collect$$$$00000000                 0x080000ec   Section        0  entry.o(.ARM.Collect$$$$00000000)
    .ARM.Collect$$$$00000001                 0x080000ec   Section        4  entry2.o(.ARM.Collect$$$$00000001)
    .ARM.Collect$$$$00000004                 0x080000f0   Section        4  entry5.o(.ARM.Collect$$$$00000004)
    .ARM.Collect$$$$00000008                 0x080000f4   Section        0  entry7b.o(.ARM.Collect$$$$00000008)
    .ARM.Collect$$$$0000000A                 0x080000f4   Section        0  entry8b.o(.ARM.Collect$$$$0000000A)
    .ARM.Collect$$$$0000000B                 0x080000f4   Section        8  entry9a.o(.ARM.Collect$$$$0000000B)
    .ARM.Collect$$$$0000000D                 0x080000fc   Section        0  entry10a.o(.ARM.Collect$$$$0000000D)
    .ARM.Collect$$$$0000000F                 0x080000fc   Section        0  entry11a.o(.ARM.Collect$$$$0000000F)
    .ARM.Collect$$$$00002712                 0x080000fc   Section        4  entry2.o(.ARM.Collect$$$$00002712)
    __lit__00000000                          0x080000fc   Data           4  entry2.o(.ARM.Collect$$$$00002712)
    .text                                    0x08000100   Section       36  startup_stm32f103xb.o(.text)
    .text                                    0x08000124   Section        0  llushr.o(.text)
    .text                                    0x08000144   Section        0  memcpya.o(.text)
    .text                                    0x08000168   Section        0  memseta.o(.text)
    .text                                    0x0800018c   Section        0  fadd.o(.text)
    .text                                    0x0800023c   Section        0  fmul.o(.text)
    .text                                    0x080002a0   Section        0  fdiv.o(.text)
    .text                                    0x0800031c   Section        0  fscalb.o(.text)
    .text                                    0x08000334   Section        0  dadd.o(.text)
    .text                                    0x08000482   Section        0  dmul.o(.text)
    .text                                    0x08000566   Section        0  ddiv.o(.text)
    .text                                    0x08000644   Section        0  dscalb.o(.text)
    .text                                    0x08000672   Section        0  fflti.o(.text)
    .text                                    0x08000684   Section        0  ffltui.o(.text)
    .text                                    0x0800068e   Section        0  dflti.o(.text)
    .text                                    0x080006b0   Section        0  ffixi.o(.text)
    .text                                    0x080006e2   Section        0  f2d.o(.text)
    .text                                    0x08000708   Section        0  d2f.o(.text)
    .text                                    0x08000740   Section        0  llshl.o(.text)
    .text                                    0x0800075e   Section        0  llsshr.o(.text)
    .text                                    0x08000782   Section        0  fepilogue.o(.text)
    .text                                    0x08000782   Section        0  iusefp.o(.text)
    .text                                    0x080007f0   Section        0  depilogue.o(.text)
    .text                                    0x080008ac   Section       36  init.o(.text)
    i.BusFault_Handler                       0x080008d0   Section        0  stm32f1xx_it.o(i.BusFault_Handler)
    i.DMA1_Channel4_IRQHandler               0x080008d4   Section        0  stm32f1xx_it.o(i.DMA1_Channel4_IRQHandler)
    i.DMA1_Channel5_IRQHandler               0x080008e0   Section        0  stm32f1xx_it.o(i.DMA1_Channel5_IRQHandler)
    i.DMA1_Channel6_IRQHandler               0x080008ec   Section        0  stm32f1xx_it.o(i.DMA1_Channel6_IRQHandler)
    i.DMA1_Channel7_IRQHandler               0x080008f8   Section        0  stm32f1xx_it.o(i.DMA1_Channel7_IRQHandler)
    i.DMA_SetConfig                          0x08000904   Section        0  stm32f1xx_hal_dma.o(i.DMA_SetConfig)
    DMA_SetConfig                            0x08000905   Thumb Code    42  stm32f1xx_hal_dma.o(i.DMA_SetConfig)
    i.DebugMon_Handler                       0x0800092e   Section        0  stm32f1xx_it.o(i.DebugMon_Handler)
    i.Error_Handler                          0x08000930   Section        0  main.o(i.Error_Handler)
    i.HAL_DMA_Abort                          0x08000932   Section        0  stm32f1xx_hal_dma.o(i.HAL_DMA_Abort)
    i.HAL_DMA_Abort_IT                       0x08000964   Section        0  stm32f1xx_hal_dma.o(i.HAL_DMA_Abort_IT)
    i.HAL_DMA_IRQHandler                     0x080009fc   Section        0  stm32f1xx_hal_dma.o(i.HAL_DMA_IRQHandler)
    i.HAL_DMA_Init                           0x08000b50   Section        0  stm32f1xx_hal_dma.o(i.HAL_DMA_Init)
    i.HAL_DMA_Start_IT                       0x08000bb4   Section        0  stm32f1xx_hal_dma.o(i.HAL_DMA_Start_IT)
    i.HAL_Delay                              0x08000c24   Section        0  stm32f1xx_hal.o(i.HAL_Delay)
    i.HAL_GPIO_Init                          0x08000c48   Section        0  stm32f1xx_hal_gpio.o(i.HAL_GPIO_Init)
    i.HAL_GPIO_WritePin                      0x08000e04   Section        0  stm32f1xx_hal_gpio.o(i.HAL_GPIO_WritePin)
    i.HAL_GetTick                            0x08000e10   Section        0  stm32f1xx_hal.o(i.HAL_GetTick)
    i.HAL_IncTick                            0x08000e1c   Section        0  stm32f1xx_hal.o(i.HAL_IncTick)
    i.HAL_Init                               0x08000e2c   Section        0  stm32f1xx_hal.o(i.HAL_Init)
    i.HAL_InitTick                           0x08000e50   Section        0  stm32f1xx_hal.o(i.HAL_InitTick)
    i.HAL_MspInit                            0x08000e90   Section        0  stm32f1xx_hal_msp.o(i.HAL_MspInit)
    i.HAL_NVIC_EnableIRQ                     0x08000ecc   Section        0  stm32f1xx_hal_cortex.o(i.HAL_NVIC_EnableIRQ)
    i.HAL_NVIC_SetPriority                   0x08000ee4   Section        0  stm32f1xx_hal_cortex.o(i.HAL_NVIC_SetPriority)
    i.HAL_NVIC_SetPriorityGrouping           0x08000f24   Section        0  stm32f1xx_hal_cortex.o(i.HAL_NVIC_SetPriorityGrouping)
    i.HAL_RCC_ClockConfig                    0x08000f48   Section        0  stm32f1xx_hal_rcc.o(i.HAL_RCC_ClockConfig)
    i.HAL_RCC_GetPCLK1Freq                   0x0800109c   Section        0  stm32f1xx_hal_rcc.o(i.HAL_RCC_GetPCLK1Freq)
    i.HAL_RCC_GetPCLK2Freq                   0x080010bc   Section        0  stm32f1xx_hal_rcc.o(i.HAL_RCC_GetPCLK2Freq)
    i.HAL_RCC_GetSysClockFreq                0x080010dc   Section        0  stm32f1xx_hal_rcc.o(i.HAL_RCC_GetSysClockFreq)
    i.HAL_RCC_OscConfig                      0x08001148   Section        0  stm32f1xx_hal_rcc.o(i.HAL_RCC_OscConfig)
    i.HAL_SYSTICK_Config                     0x0800144c   Section        0  stm32f1xx_hal_cortex.o(i.HAL_SYSTICK_Config)
    i.HAL_TIMEx_BreakCallback                0x08001474   Section        0  stm32f1xx_hal_tim_ex.o(i.HAL_TIMEx_BreakCallback)
    i.HAL_TIMEx_CommutationCallback          0x08001476   Section        0  stm32f1xx_hal_tim_ex.o(i.HAL_TIMEx_CommutationCallback)
    i.HAL_TIMEx_MasterConfigSynchronization  0x08001478   Section        0  stm32f1xx_hal_tim_ex.o(i.HAL_TIMEx_MasterConfigSynchronization)
    i.HAL_TIM_Base_Init                      0x080014c8   Section        0  stm32f1xx_hal_tim.o(i.HAL_TIM_Base_Init)
    i.HAL_TIM_Base_MspInit                   0x08001500   Section        0  tim.o(i.HAL_TIM_Base_MspInit)
    i.HAL_TIM_Base_Start_IT                  0x080015fc   Section        0  stm32f1xx_hal_tim.o(i.HAL_TIM_Base_Start_IT)
    i.HAL_TIM_ConfigClockSource              0x08001614   Section        0  stm32f1xx_hal_tim.o(i.HAL_TIM_ConfigClockSource)
    i.HAL_TIM_Encoder_Start                  0x08001708   Section        0  stm32f1xx_hal_tim.o(i.HAL_TIM_Encoder_Start)
    i.HAL_TIM_IC_CaptureCallback             0x0800173c   Section        0  stm32f1xx_hal_tim.o(i.HAL_TIM_IC_CaptureCallback)
    i.HAL_TIM_IRQHandler                     0x0800173e   Section        0  stm32f1xx_hal_tim.o(i.HAL_TIM_IRQHandler)
    i.HAL_TIM_MspPostInit                    0x080018a4   Section        0  tim.o(i.HAL_TIM_MspPostInit)
    i.HAL_TIM_OC_DelayElapsedCallback        0x080018f0   Section        0  stm32f1xx_hal_tim.o(i.HAL_TIM_OC_DelayElapsedCallback)
    i.HAL_TIM_PWM_ConfigChannel              0x080018f2   Section        0  stm32f1xx_hal_tim.o(i.HAL_TIM_PWM_ConfigChannel)
    i.HAL_TIM_PWM_Init                       0x080019c2   Section        0  stm32f1xx_hal_tim.o(i.HAL_TIM_PWM_Init)
    i.HAL_TIM_PWM_MspInit                    0x080019f8   Section        0  tim.o(i.HAL_TIM_PWM_MspInit)
    i.HAL_TIM_PWM_PulseFinishedCallback      0x08001a20   Section        0  stm32f1xx_hal_tim.o(i.HAL_TIM_PWM_PulseFinishedCallback)
    i.HAL_TIM_PWM_Start                      0x08001a24   Section        0  stm32f1xx_hal_tim.o(i.HAL_TIM_PWM_Start)
    i.HAL_TIM_PeriodElapsedCallback          0x08001a54   Section        0  datalink.o(i.HAL_TIM_PeriodElapsedCallback)
    i.HAL_TIM_TriggerCallback                0x08001a6c   Section        0  stm32f1xx_hal_tim.o(i.HAL_TIM_TriggerCallback)
    i.HAL_UART_DMAStop                       0x08001a6e   Section        0  stm32f1xx_hal_uart.o(i.HAL_UART_DMAStop)
    i.HAL_UART_ErrorCallback                 0x08001ac8   Section        0  datalink.o(i.HAL_UART_ErrorCallback)
    i.HAL_UART_IRQHandler                    0x08001af4   Section        0  stm32f1xx_hal_uart.o(i.HAL_UART_IRQHandler)
    i.HAL_UART_Init                          0x08001c04   Section        0  stm32f1xx_hal_uart.o(i.HAL_UART_Init)
    i.HAL_UART_MspInit                       0x08001c68   Section        0  usart.o(i.HAL_UART_MspInit)
    i.HAL_UART_Receive_DMA                   0x08001e50   Section        0  stm32f1xx_hal_uart.o(i.HAL_UART_Receive_DMA)
    i.HAL_UART_Receive_IT                    0x08001ee8   Section        0  stm32f1xx_hal_uart.o(i.HAL_UART_Receive_IT)
    i.HAL_UART_RxCpltCallback                0x08001f3c   Section        0  datalink.o(i.HAL_UART_RxCpltCallback)
    i.HAL_UART_RxHalfCpltCallback            0x08002018   Section        0  stm32f1xx_hal_uart.o(i.HAL_UART_RxHalfCpltCallback)
    i.HAL_UART_Transmit_DMA                  0x0800201c   Section        0  stm32f1xx_hal_uart.o(i.HAL_UART_Transmit_DMA)
    i.HAL_UART_TxCpltCallback                0x0800209c   Section        0  stm32f1xx_hal_uart.o(i.HAL_UART_TxCpltCallback)
    i.HAL_UART_TxHalfCpltCallback            0x0800209e   Section        0  stm32f1xx_hal_uart.o(i.HAL_UART_TxHalfCpltCallback)
    i.HardFault_Handler                      0x080020a0   Section        0  stm32f1xx_it.o(i.HardFault_Handler)
    i.MX_DMA_Init                            0x080020a4   Section        0  dma.o(i.MX_DMA_Init)
    i.MX_GPIO_Init                           0x08002100   Section        0  gpio.o(i.MX_GPIO_Init)
    i.MX_TIM1_Init                           0x08002170   Section        0  tim.o(i.MX_TIM1_Init)
    i.MX_TIM2_Init                           0x080021dc   Section        0  tim.o(i.MX_TIM2_Init)
    i.MX_TIM3_Init                           0x08002244   Section        0  tim.o(i.MX_TIM3_Init)
    i.MX_TIM4_Init                           0x080022a8   Section        0  tim.o(i.MX_TIM4_Init)
    i.MX_USART1_UART_Init                    0x08002328   Section        0  usart.o(i.MX_USART1_UART_Init)
    i.MX_USART2_UART_Init                    0x08002360   Section        0  usart.o(i.MX_USART2_UART_Init)
    i.MX_USART3_UART_Init                    0x08002398   Section        0  usart.o(i.MX_USART3_UART_Init)
    i.MemManage_Handler                      0x080023d0   Section        0  stm32f1xx_it.o(i.MemManage_Handler)
    i.NMI_Handler                            0x080023d2   Section        0  stm32f1xx_it.o(i.NMI_Handler)
    i.NVIC_SetPriority                       0x080023d4   Section        0  stm32f1xx_hal_cortex.o(i.NVIC_SetPriority)
    NVIC_SetPriority                         0x080023d5   Thumb Code    32  stm32f1xx_hal_cortex.o(i.NVIC_SetPriority)
    i.PendSV_Handler                         0x080023f4   Section        0  stm32f1xx_it.o(i.PendSV_Handler)
    i.SVC_Handler                            0x080023f6   Section        0  stm32f1xx_it.o(i.SVC_Handler)
    i.SysTick_Handler                        0x080023f8   Section        0  stm32f1xx_it.o(i.SysTick_Handler)
    i.SystemClock_Config                     0x080023fc   Section        0  main.o(i.SystemClock_Config)
    i.SystemInit                             0x08002458   Section        0  system_stm32f1xx_1.o(i.SystemInit)
    i.TIM1_BRK_IRQHandler                    0x080024a0   Section        0  stm32f1xx_it.o(i.TIM1_BRK_IRQHandler)
    i.TIM1_CC_IRQHandler                     0x080024ac   Section        0  stm32f1xx_it.o(i.TIM1_CC_IRQHandler)
    i.TIM1_TRG_COM_IRQHandler                0x080024b8   Section        0  stm32f1xx_it.o(i.TIM1_TRG_COM_IRQHandler)
    i.TIM1_UP_IRQHandler                     0x080024c4   Section        0  stm32f1xx_it.o(i.TIM1_UP_IRQHandler)
    i.TIM2_IRQHandler                        0x080024d0   Section        0  stm32f1xx_it.o(i.TIM2_IRQHandler)
    i.TIM3_IRQHandler                        0x080024dc   Section        0  stm32f1xx_it.o(i.TIM3_IRQHandler)
    i.TIM_Base_SetConfig                     0x080024e8   Section        0  stm32f1xx_hal_tim.o(i.TIM_Base_SetConfig)
    i.TIM_CCxChannelCmd                      0x08002554   Section        0  stm32f1xx_hal_tim.o(i.TIM_CCxChannelCmd)
    i.TIM_ETR_SetConfig                      0x0800256a   Section        0  stm32f1xx_hal_tim.o(i.TIM_ETR_SetConfig)
    TIM_ETR_SetConfig                        0x0800256b   Thumb Code    20  stm32f1xx_hal_tim.o(i.TIM_ETR_SetConfig)
    i.TIM_ITRx_SetConfig                     0x0800257e   Section        0  stm32f1xx_hal_tim.o(i.TIM_ITRx_SetConfig)
    TIM_ITRx_SetConfig                       0x0800257f   Thumb Code    16  stm32f1xx_hal_tim.o(i.TIM_ITRx_SetConfig)
    i.TIM_OC1_SetConfig                      0x08002590   Section        0  stm32f1xx_hal_tim.o(i.TIM_OC1_SetConfig)
    TIM_OC1_SetConfig                        0x08002591   Thumb Code    74  stm32f1xx_hal_tim.o(i.TIM_OC1_SetConfig)
    i.TIM_OC2_SetConfig                      0x080025e0   Section        0  stm32f1xx_hal_tim.o(i.TIM_OC2_SetConfig)
    i.TIM_OC3_SetConfig                      0x08002638   Section        0  stm32f1xx_hal_tim.o(i.TIM_OC3_SetConfig)
    TIM_OC3_SetConfig                        0x08002639   Thumb Code    82  stm32f1xx_hal_tim.o(i.TIM_OC3_SetConfig)
    i.TIM_OC4_SetConfig                      0x08002690   Section        0  stm32f1xx_hal_tim.o(i.TIM_OC4_SetConfig)
    TIM_OC4_SetConfig                        0x08002691   Thumb Code    64  stm32f1xx_hal_tim.o(i.TIM_OC4_SetConfig)
    i.TIM_TI1_ConfigInputStage               0x080026d4   Section        0  stm32f1xx_hal_tim.o(i.TIM_TI1_ConfigInputStage)
    TIM_TI1_ConfigInputStage                 0x080026d5   Thumb Code    34  stm32f1xx_hal_tim.o(i.TIM_TI1_ConfigInputStage)
    i.TIM_TI2_ConfigInputStage               0x080026f6   Section        0  stm32f1xx_hal_tim.o(i.TIM_TI2_ConfigInputStage)
    TIM_TI2_ConfigInputStage                 0x080026f7   Thumb Code    36  stm32f1xx_hal_tim.o(i.TIM_TI2_ConfigInputStage)
    i.UART_DMAAbortOnError                   0x0800271a   Section        0  stm32f1xx_hal_uart.o(i.UART_DMAAbortOnError)
    UART_DMAAbortOnError                     0x0800271b   Thumb Code    16  stm32f1xx_hal_uart.o(i.UART_DMAAbortOnError)
    i.UART_DMAError                          0x0800272a   Section        0  stm32f1xx_hal_uart.o(i.UART_DMAError)
    UART_DMAError                            0x0800272b   Thumb Code    74  stm32f1xx_hal_uart.o(i.UART_DMAError)
    i.UART_DMAReceiveCplt                    0x08002774   Section        0  stm32f1xx_hal_uart.o(i.UART_DMAReceiveCplt)
    UART_DMAReceiveCplt                      0x08002775   Thumb Code    60  stm32f1xx_hal_uart.o(i.UART_DMAReceiveCplt)
    i.UART_DMARxHalfCplt                     0x080027b0   Section        0  stm32f1xx_hal_uart.o(i.UART_DMARxHalfCplt)
    UART_DMARxHalfCplt                       0x080027b1   Thumb Code    10  stm32f1xx_hal_uart.o(i.UART_DMARxHalfCplt)
    i.UART_DMATransmitCplt                   0x080027ba   Section        0  stm32f1xx_hal_uart.o(i.UART_DMATransmitCplt)
    UART_DMATransmitCplt                     0x080027bb   Thumb Code    46  stm32f1xx_hal_uart.o(i.UART_DMATransmitCplt)
    i.UART_DMATxHalfCplt                     0x080027e8   Section        0  stm32f1xx_hal_uart.o(i.UART_DMATxHalfCplt)
    UART_DMATxHalfCplt                       0x080027e9   Thumb Code    10  stm32f1xx_hal_uart.o(i.UART_DMATxHalfCplt)
    i.UART_EndRxTransfer                     0x080027f2   Section        0  stm32f1xx_hal_uart.o(i.UART_EndRxTransfer)
    UART_EndRxTransfer                       0x080027f3   Thumb Code    28  stm32f1xx_hal_uart.o(i.UART_EndRxTransfer)
    i.UART_EndTxTransfer                     0x0800280e   Section        0  stm32f1xx_hal_uart.o(i.UART_EndTxTransfer)
    UART_EndTxTransfer                       0x0800280f   Thumb Code    18  stm32f1xx_hal_uart.o(i.UART_EndTxTransfer)
    i.UART_Receive_IT                        0x08002820   Section        0  stm32f1xx_hal_uart.o(i.UART_Receive_IT)
    UART_Receive_IT                          0x08002821   Thumb Code   150  stm32f1xx_hal_uart.o(i.UART_Receive_IT)
    i.UART_SetConfig                         0x080028b8   Section        0  stm32f1xx_hal_uart.o(i.UART_SetConfig)
    UART_SetConfig                           0x080028b9   Thumb Code   364  stm32f1xx_hal_uart.o(i.UART_SetConfig)
    i.UART_Transmit_IT                       0x08002a28   Section        0  stm32f1xx_hal_uart.o(i.UART_Transmit_IT)
    UART_Transmit_IT                         0x08002a29   Thumb Code    98  stm32f1xx_hal_uart.o(i.UART_Transmit_IT)
    i.USART1_IRQHandler                      0x08002a8c   Section        0  stm32f1xx_it.o(i.USART1_IRQHandler)
    i.USART2_IRQHandler                      0x08002ad0   Section        0  stm32f1xx_it.o(i.USART2_IRQHandler)
    i.USART3_IRQHandler                      0x08002b14   Section        0  stm32f1xx_it.o(i.USART3_IRQHandler)
    i.UsageFault_Handler                     0x08002b20   Section        0  stm32f1xx_it.o(i.UsageFault_Handler)
    i.__scatterload_copy                     0x08002b22   Section       14  handlers.o(i.__scatterload_copy)
    i.__scatterload_null                     0x08002b30   Section        2  handlers.o(i.__scatterload_null)
    i.__scatterload_zeroinit                 0x08002b32   Section       14  handlers.o(i.__scatterload_zeroinit)
    i.abs                                    0x08002b40   Section        0  control_velocity.o(i.abs)
    abs                                      0x08002b41   Thumb Code    10  control_velocity.o(i.abs)
    i.auto_disarming_clear_cnt               0x08002b4c   Section        0  auto_disarming.o(i.auto_disarming_clear_cnt)
    i.auto_disarming_main                    0x08002b58   Section        0  auto_disarming.o(i.auto_disarming_main)
    i.control_velocity_main                  0x08002b74   Section        0  control_velocity.o(i.control_velocity_main)
    i.datalink_main                          0x08002c68   Section        0  datalink.o(i.datalink_main)
    i.datalink_msg_encode                    0x08002d4c   Section        0  datalink.o(i.datalink_msg_encode)
    datalink_msg_encode                      0x08002d4d   Thumb Code   226  datalink.o(i.datalink_msg_encode)
    i.datalink_msg_string_enocde             0x08002e34   Section        0  datalink.o(i.datalink_msg_string_enocde)
    i.datalink_pc_msg_encode                 0x08002e64   Section        0  datalink.o(i.datalink_pc_msg_encode)
    datalink_pc_msg_encode                   0x08002e65   Thumb Code   246  datalink.o(i.datalink_pc_msg_encode)
    i.datalink_pc_msg_string_enocde          0x08002f70   Section        0  datalink.o(i.datalink_pc_msg_string_enocde)
    i.encoder_main                           0x08002fa0   Section        0  encoder.o(i.encoder_main)
    i.get_counder                            0x08002fc8   Section        0  encoder.o(i.get_counder)
    i.get_gyro                               0x08002fd4   Section        0  gyro.o(i.get_gyro)
    i.get_micros                             0x08003004   Section        0  tim.o(i.get_micros)
    i.get_pid_para                           0x08003030   Section        0  control_velocity.o(i.get_pid_para)
    i.gyro_main                              0x08003048   Section        0  gyro.o(i.gyro_main)
    i.initialize_encoder                     0x08003078   Section        0  encoder.o(i.initialize_encoder)
    i.initialize_motors                      0x08003098   Section        0  control_velocity.o(i.initialize_motors)
    i.initialize_scheduler                   0x080030b4   Section        0  scheduler.o(i.initialize_scheduler)
    i.initlialze_datalink                    0x080030dc   Section        0  datalink.o(i.initlialze_datalink)
    i.main                                   0x0800314c   Section        0  main.o(i.main)
    i.malloc                                 0x080031b4   Section        0  malloc.o(i.malloc)
    i.read_mpu6050_data_uart                 0x08003220   Section        0  gyro.o(i.read_mpu6050_data_uart)
    i.scheduler_run                          0x080032c4   Section        0  scheduler.o(i.scheduler_run)
    i.set_desired_speed                      0x08003364   Section        0  control_velocity.o(i.set_desired_speed)
    i.set_pid_para                           0x08003374   Section        0  control_velocity.o(i.set_pid_para)
    i.set_pwm                                0x08003384   Section        0  control_velocity.o(i.set_pwm)
    set_pwm                                  0x08003385   Thumb Code   156  control_velocity.o(i.set_pwm)
    i.setup                                  0x08003428   Section        0  main.o(i.setup)
    .constdata                               0x08003450   Section       16  system_stm32f1xx_1.o(.constdata)
    .constdata                               0x08003460   Section        8  system_stm32f1xx_1.o(.constdata)
    .conststring                             0x08003468   Section       86  main.o(.conststring)
    .data                                    0x20000000   Section        4  system_stm32f1xx_1.o(.data)
    .data                                    0x20000004   Section       12  stm32f1xx_hal.o(.data)
    .data                                    0x20000010   Section       60  main.o(.data)
    .data                                    0x2000004c   Section        1  usart.o(.data)
    .data                                    0x20000050   Section       24  scheduler.o(.data)
    _num_tasks                               0x20000050   Data           1  scheduler.o(.data)
    _spare_ticks                             0x20000051   Data           1  scheduler.o(.data)
    _loop_rate_hz                            0x20000052   Data           2  scheduler.o(.data)
    _tasks                                   0x20000054   Data           4  scheduler.o(.data)
    _last_run                                0x20000058   Data           4  scheduler.o(.data)
    _task_time_allowed                       0x2000005c   Data           4  scheduler.o(.data)
    _task_time_started                       0x20000060   Data           4  scheduler.o(.data)
    _spare_micros                            0x20000064   Data           4  scheduler.o(.data)
    .data                                    0x20000068   Section       40  datalink.o(.data)
    tim3_cnt                                 0x2000006d   Data           1  datalink.o(.data)
    _state                                   0x2000006e   Data           1  datalink.o(.data)
    _data_len                                0x2000006f   Data           1  datalink.o(.data)
    _data_cnt                                0x20000070   Data           1  datalink.o(.data)
    _state                                   0x20000071   Data           1  datalink.o(.data)
    _data_len                                0x20000072   Data           1  datalink.o(.data)
    _data_cnt                                0x20000073   Data           1  datalink.o(.data)
    _rxbuffer                                0x20000074   Data           4  datalink.o(.data)
    desired_speed                            0x20000078   Data           4  datalink.o(.data)
    i                                        0x2000007c   Data           4  datalink.o(.data)
    _recive_data_un                          0x20000080   Data           8  datalink.o(.data)
    _data_to_send_un                         0x20000088   Data           8  datalink.o(.data)
    .data                                    0x20000090   Section       44  control_velocity.o(.data)
    _kp                                      0x20000090   Data           1  control_velocity.o(.data)
    _ki                                      0x20000091   Data           1  control_velocity.o(.data)
    _kd                                      0x20000092   Data           1  control_velocity.o(.data)
    _pwm                                     0x20000094   Data           4  control_velocity.o(.data)
    _desired_speed                           0x20000098   Data           4  control_velocity.o(.data)
    _output                                  0x2000009c   Data           8  control_velocity.o(.data)
    _current_error                           0x200000a4   Data           8  control_velocity.o(.data)
    _error_last                              0x200000ac   Data           8  control_velocity.o(.data)
    _error_pre                               0x200000b4   Data           8  control_velocity.o(.data)
    .data                                    0x200000bc   Section        8  gyro.o(.data)
    _tempreature                             0x200000bc   Data           4  gyro.o(.data)
    _yaw                                     0x200000c0   Data           4  gyro.o(.data)
    .data                                    0x200000c4   Section        6  auto_disarming.o(.data)
    _lost_cnt                                0x200000c4   Data           1  auto_disarming.o(.data)
    _armed_speed                             0x200000c6   Data           4  auto_disarming.o(.data)
    .data                                    0x200000ca   Section        4  encoder.o(.data)
    _counter                                 0x200000ca   Data           4  encoder.o(.data)
    .data                                    0x200000d0   Section        4  mvars.o(.data)
    .data                                    0x200000d4   Section        4  mvars.o(.data)
    .bss                                     0x200000d8   Section      256  tim.o(.bss)
    .bss                                     0x200001d8   Section       20  usart.o(.bss)
    .bss                                     0x200001ec   Section      464  usart.o(.bss)
    .bss                                     0x200003bc   Section      297  datalink.o(.bss)
    _data                                    0x200004d0   Data          11  datalink.o(.bss)
    _data_pc                                 0x200004db   Data          10  datalink.o(.bss)
    .bss                                     0x200004e8   Section       24  gyro.o(.bss)
    _accel                                   0x200004e8   Data          12  gyro.o(.bss)
    _gyro                                    0x200004f4   Data          12  gyro.o(.bss)
    HEAP                                     0x20000500   Section      512  startup_stm32f103xb.o(HEAP)
    STACK                                    0x20000700   Section     1024  startup_stm32f103xb.o(STACK)

    Global Symbols

    Symbol Name                              Value     Ov Type        Size  Object(Section)

    BuildAttributes$$THM_ISAv4$P$D$K$B$S$PE$A:L22UL41UL21$X:L11$S22US41US21$IEEE1$IW$USESV6$~STKCKD$USESV7$~SHL$OTIME$ROPI$EBA8$MICROLIB$REQ8$PRES8$EABIv2 0x00000000   Number         0  anon$$obj.o ABSOLUTE
    __ARM_use_no_argv                        0x00000000   Number         0  main.o ABSOLUTE
    __cpp_initialize__aeabi_                  - Undefined Weak Reference
    __cxa_finalize                            - Undefined Weak Reference
    __decompress                              - Undefined Weak Reference
    _clock_init                               - Undefined Weak Reference
    _microlib_exit                            - Undefined Weak Reference
    __Vectors_Size                           0x000000ec   Number         0  startup_stm32f103xb.o ABSOLUTE
    __Vectors                                0x08000000   Data           4  startup_stm32f103xb.o(RESET)
    __Vectors_End                            0x080000ec   Data           0  startup_stm32f103xb.o(RESET)
    __main                                   0x080000ed   Thumb Code     0  entry.o(.ARM.Collect$$$$00000000)
    _main_stk                                0x080000ed   Thumb Code     0  entry2.o(.ARM.Collect$$$$00000001)
    _main_scatterload                        0x080000f1   Thumb Code     0  entry5.o(.ARM.Collect$$$$00000004)
    __main_after_scatterload                 0x080000f5   Thumb Code     0  entry5.o(.ARM.Collect$$$$00000004)
    _main_clock                              0x080000f5   Thumb Code     0  entry7b.o(.ARM.Collect$$$$00000008)
    _main_cpp_init                           0x080000f5   Thumb Code     0  entry8b.o(.ARM.Collect$$$$0000000A)
    _main_init                               0x080000f5   Thumb Code     0  entry9a.o(.ARM.Collect$$$$0000000B)
    __rt_final_cpp                           0x080000fd   Thumb Code     0  entry10a.o(.ARM.Collect$$$$0000000D)
    __rt_final_exit                          0x080000fd   Thumb Code     0  entry11a.o(.ARM.Collect$$$$0000000F)
    Reset_Handler                            0x08000101   Thumb Code     8  startup_stm32f103xb.o(.text)
    ADC1_2_IRQHandler                        0x0800011b   Thumb Code     0  startup_stm32f103xb.o(.text)
    CAN1_RX1_IRQHandler                      0x0800011b   Thumb Code     0  startup_stm32f103xb.o(.text)
    CAN1_SCE_IRQHandler                      0x0800011b   Thumb Code     0  startup_stm32f103xb.o(.text)
    DMA1_Channel1_IRQHandler                 0x0800011b   Thumb Code     0  startup_stm32f103xb.o(.text)
    DMA1_Channel2_IRQHandler                 0x0800011b   Thumb Code     0  startup_stm32f103xb.o(.text)
    DMA1_Channel3_IRQHandler                 0x0800011b   Thumb Code     0  startup_stm32f103xb.o(.text)
    EXTI0_IRQHandler                         0x0800011b   Thumb Code     0  startup_stm32f103xb.o(.text)
    EXTI15_10_IRQHandler                     0x0800011b   Thumb Code     0  startup_stm32f103xb.o(.text)
    EXTI1_IRQHandler                         0x0800011b   Thumb Code     0  startup_stm32f103xb.o(.text)
    EXTI2_IRQHandler                         0x0800011b   Thumb Code     0  startup_stm32f103xb.o(.text)
    EXTI3_IRQHandler                         0x0800011b   Thumb Code     0  startup_stm32f103xb.o(.text)
    EXTI4_IRQHandler                         0x0800011b   Thumb Code     0  startup_stm32f103xb.o(.text)
    EXTI9_5_IRQHandler                       0x0800011b   Thumb Code     0  startup_stm32f103xb.o(.text)
    FLASH_IRQHandler                         0x0800011b   Thumb Code     0  startup_stm32f103xb.o(.text)
    I2C1_ER_IRQHandler                       0x0800011b   Thumb Code     0  startup_stm32f103xb.o(.text)
    I2C1_EV_IRQHandler                       0x0800011b   Thumb Code     0  startup_stm32f103xb.o(.text)
    I2C2_ER_IRQHandler                       0x0800011b   Thumb Code     0  startup_stm32f103xb.o(.text)
    I2C2_EV_IRQHandler                       0x0800011b   Thumb Code     0  startup_stm32f103xb.o(.text)
    PVD_IRQHandler                           0x0800011b   Thumb Code     0  startup_stm32f103xb.o(.text)
    RCC_IRQHandler                           0x0800011b   Thumb Code     0  startup_stm32f103xb.o(.text)
    RTC_Alarm_IRQHandler                     0x0800011b   Thumb Code     0  startup_stm32f103xb.o(.text)
    RTC_IRQHandler                           0x0800011b   Thumb Code     0  startup_stm32f103xb.o(.text)
    SPI1_IRQHandler                          0x0800011b   Thumb Code     0  startup_stm32f103xb.o(.text)
    SPI2_IRQHandler                          0x0800011b   Thumb Code     0  startup_stm32f103xb.o(.text)
    TAMPER_IRQHandler                        0x0800011b   Thumb Code     0  startup_stm32f103xb.o(.text)
    TIM4_IRQHandler                          0x0800011b   Thumb Code     0  startup_stm32f103xb.o(.text)
    USBWakeUp_IRQHandler                     0x0800011b   Thumb Code     0  startup_stm32f103xb.o(.text)
    USB_HP_CAN1_TX_IRQHandler                0x0800011b   Thumb Code     0  startup_stm32f103xb.o(.text)
    USB_LP_CAN1_RX0_IRQHandler               0x0800011b   Thumb Code     0  startup_stm32f103xb.o(.text)
    WWDG_IRQHandler                          0x0800011b   Thumb Code     0  startup_stm32f103xb.o(.text)
    __aeabi_llsr                             0x08000125   Thumb Code    32  llushr.o(.text)
    _ll_ushift_r                             0x08000125   Thumb Code     0  llushr.o(.text)
    __aeabi_memcpy                           0x08000145   Thumb Code    36  memcpya.o(.text)
    __aeabi_memcpy4                          0x08000145   Thumb Code     0  memcpya.o(.text)
    __aeabi_memcpy8                          0x08000145   Thumb Code     0  memcpya.o(.text)
    __aeabi_memset                           0x08000169   Thumb Code    14  memseta.o(.text)
    __aeabi_memset4                          0x08000169   Thumb Code     0  memseta.o(.text)
    __aeabi_memset8                          0x08000169   Thumb Code     0  memseta.o(.text)
    __aeabi_memclr                           0x08000177   Thumb Code     4  memseta.o(.text)
    __aeabi_memclr4                          0x08000177   Thumb Code     0  memseta.o(.text)
    __aeabi_memclr8                          0x08000177   Thumb Code     0  memseta.o(.text)
    _memset$wrapper                          0x0800017b   Thumb Code    18  memseta.o(.text)
    __aeabi_fadd                             0x0800018d   Thumb Code   164  fadd.o(.text)
    __aeabi_fsub                             0x08000231   Thumb Code     6  fadd.o(.text)
    __aeabi_frsub                            0x08000237   Thumb Code     6  fadd.o(.text)
    __aeabi_fmul                             0x0800023d   Thumb Code   100  fmul.o(.text)
    __aeabi_fdiv                             0x080002a1   Thumb Code   124  fdiv.o(.text)
    __ARM_scalbnf                            0x0800031d   Thumb Code    24  fscalb.o(.text)
    scalbnf                                  0x0800031d   Thumb Code     0  fscalb.o(.text)
    __aeabi_dadd                             0x08000335   Thumb Code   322  dadd.o(.text)
    __aeabi_dsub                             0x08000477   Thumb Code     6  dadd.o(.text)
    __aeabi_drsub                            0x0800047d   Thumb Code     6  dadd.o(.text)
    __aeabi_dmul                             0x08000483   Thumb Code   228  dmul.o(.text)
    __aeabi_ddiv                             0x08000567   Thumb Code   222  ddiv.o(.text)
    __ARM_scalbn                             0x08000645   Thumb Code    46  dscalb.o(.text)
    scalbn                                   0x08000645   Thumb Code     0  dscalb.o(.text)
    __aeabi_i2f                              0x08000673   Thumb Code    18  fflti.o(.text)
    __aeabi_ui2f                             0x08000685   Thumb Code    10  ffltui.o(.text)
    __aeabi_i2d                              0x0800068f   Thumb Code    34  dflti.o(.text)
    __aeabi_f2iz                             0x080006b1   Thumb Code    50  ffixi.o(.text)
    __aeabi_f2d                              0x080006e3   Thumb Code    38  f2d.o(.text)
    __aeabi_d2f                              0x08000709   Thumb Code    56  d2f.o(.text)
    __aeabi_llsl                             0x08000741   Thumb Code    30  llshl.o(.text)
    _ll_shift_l                              0x08000741   Thumb Code     0  llshl.o(.text)
    __aeabi_lasr                             0x0800075f   Thumb Code    36  llsshr.o(.text)
    _ll_sshift_r                             0x0800075f   Thumb Code     0  llsshr.o(.text)
    __I$use$fp                               0x08000783   Thumb Code     0  iusefp.o(.text)
    _float_round                             0x08000783   Thumb Code    18  fepilogue.o(.text)
    _float_epilogue                          0x08000795   Thumb Code    92  fepilogue.o(.text)
    _double_round                            0x080007f1   Thumb Code    30  depilogue.o(.text)
    _double_epilogue                         0x0800080f   Thumb Code   156  depilogue.o(.text)
    __scatterload                            0x080008ad   Thumb Code    28  init.o(.text)
    __scatterload_rt2                        0x080008ad   Thumb Code     0  init.o(.text)
    BusFault_Handler                         0x080008d1   Thumb Code     2  stm32f1xx_it.o(i.BusFault_Handler)
    DMA1_Channel4_IRQHandler                 0x080008d5   Thumb Code     6  stm32f1xx_it.o(i.DMA1_Channel4_IRQHandler)
    DMA1_Channel5_IRQHandler                 0x080008e1   Thumb Code     6  stm32f1xx_it.o(i.DMA1_Channel5_IRQHandler)
    DMA1_Channel6_IRQHandler                 0x080008ed   Thumb Code     6  stm32f1xx_it.o(i.DMA1_Channel6_IRQHandler)
    DMA1_Channel7_IRQHandler                 0x080008f9   Thumb Code     6  stm32f1xx_it.o(i.DMA1_Channel7_IRQHandler)
    DebugMon_Handler                         0x0800092f   Thumb Code     2  stm32f1xx_it.o(i.DebugMon_Handler)
    Error_Handler                            0x08000931   Thumb Code     2  main.o(i.Error_Handler)
    HAL_DMA_Abort                            0x08000933   Thumb Code    48  stm32f1xx_hal_dma.o(i.HAL_DMA_Abort)
    HAL_DMA_Abort_IT                         0x08000965   Thumb Code   148  stm32f1xx_hal_dma.o(i.HAL_DMA_Abort_IT)
    HAL_DMA_IRQHandler                       0x080009fd   Thumb Code   316  stm32f1xx_hal_dma.o(i.HAL_DMA_IRQHandler)
    HAL_DMA_Init                             0x08000b51   Thumb Code    92  stm32f1xx_hal_dma.o(i.HAL_DMA_Init)
    HAL_DMA_Start_IT                         0x08000bb5   Thumb Code   112  stm32f1xx_hal_dma.o(i.HAL_DMA_Start_IT)
    HAL_Delay                                0x08000c25   Thumb Code    32  stm32f1xx_hal.o(i.HAL_Delay)
    HAL_GPIO_Init                            0x08000c49   Thumb Code   408  stm32f1xx_hal_gpio.o(i.HAL_GPIO_Init)
    HAL_GPIO_WritePin                        0x08000e05   Thumb Code    10  stm32f1xx_hal_gpio.o(i.HAL_GPIO_WritePin)
    HAL_GetTick                              0x08000e11   Thumb Code     6  stm32f1xx_hal.o(i.HAL_GetTick)
    HAL_IncTick                              0x08000e1d   Thumb Code    12  stm32f1xx_hal.o(i.HAL_IncTick)
    HAL_Init                                 0x08000e2d   Thumb Code    32  stm32f1xx_hal.o(i.HAL_Init)
    HAL_InitTick                             0x08000e51   Thumb Code    54  stm32f1xx_hal.o(i.HAL_InitTick)
    HAL_MspInit                              0x08000e91   Thumb Code    52  stm32f1xx_hal_msp.o(i.HAL_MspInit)
    HAL_NVIC_EnableIRQ                       0x08000ecd   Thumb Code    22  stm32f1xx_hal_cortex.o(i.HAL_NVIC_EnableIRQ)
    HAL_NVIC_SetPriority                     0x08000ee5   Thumb Code    60  stm32f1xx_hal_cortex.o(i.HAL_NVIC_SetPriority)
    HAL_NVIC_SetPriorityGrouping             0x08000f25   Thumb Code    26  stm32f1xx_hal_cortex.o(i.HAL_NVIC_SetPriorityGrouping)
    HAL_RCC_ClockConfig                      0x08000f49   Thumb Code   322  stm32f1xx_hal_rcc.o(i.HAL_RCC_ClockConfig)
    HAL_RCC_GetPCLK1Freq                     0x0800109d   Thumb Code    20  stm32f1xx_hal_rcc.o(i.HAL_RCC_GetPCLK1Freq)
    HAL_RCC_GetPCLK2Freq                     0x080010bd   Thumb Code    20  stm32f1xx_hal_rcc.o(i.HAL_RCC_GetPCLK2Freq)
    HAL_RCC_GetSysClockFreq                  0x080010dd   Thumb Code    74  stm32f1xx_hal_rcc.o(i.HAL_RCC_GetSysClockFreq)
    HAL_RCC_OscConfig                        0x08001149   Thumb Code   750  stm32f1xx_hal_rcc.o(i.HAL_RCC_OscConfig)
    HAL_SYSTICK_Config                       0x0800144d   Thumb Code    40  stm32f1xx_hal_cortex.o(i.HAL_SYSTICK_Config)
    HAL_TIMEx_BreakCallback                  0x08001475   Thumb Code     2  stm32f1xx_hal_tim_ex.o(i.HAL_TIMEx_BreakCallback)
    HAL_TIMEx_CommutationCallback            0x08001477   Thumb Code     2  stm32f1xx_hal_tim_ex.o(i.HAL_TIMEx_CommutationCallback)
    HAL_TIMEx_MasterConfigSynchronization    0x08001479   Thumb Code    80  stm32f1xx_hal_tim_ex.o(i.HAL_TIMEx_MasterConfigSynchronization)
    HAL_TIM_Base_Init                        0x080014c9   Thumb Code    54  stm32f1xx_hal_tim.o(i.HAL_TIM_Base_Init)
    HAL_TIM_Base_MspInit                     0x08001501   Thumb Code   234  tim.o(i.HAL_TIM_Base_MspInit)
    HAL_TIM_Base_Start_IT                    0x080015fd   Thumb Code    24  stm32f1xx_hal_tim.o(i.HAL_TIM_Base_Start_IT)
    HAL_TIM_ConfigClockSource                0x08001615   Thumb Code   242  stm32f1xx_hal_tim.o(i.HAL_TIM_ConfigClockSource)
    HAL_TIM_Encoder_Start                    0x08001709   Thumb Code    52  stm32f1xx_hal_tim.o(i.HAL_TIM_Encoder_Start)
    HAL_TIM_IC_CaptureCallback               0x0800173d   Thumb Code     2  stm32f1xx_hal_tim.o(i.HAL_TIM_IC_CaptureCallback)
    HAL_TIM_IRQHandler                       0x0800173f   Thumb Code   358  stm32f1xx_hal_tim.o(i.HAL_TIM_IRQHandler)
    HAL_TIM_MspPostInit                      0x080018a5   Thumb Code    64  tim.o(i.HAL_TIM_MspPostInit)
    HAL_TIM_OC_DelayElapsedCallback          0x080018f1   Thumb Code     2  stm32f1xx_hal_tim.o(i.HAL_TIM_OC_DelayElapsedCallback)
    HAL_TIM_PWM_ConfigChannel                0x080018f3   Thumb Code   208  stm32f1xx_hal_tim.o(i.HAL_TIM_PWM_ConfigChannel)
    HAL_TIM_PWM_Init                         0x080019c3   Thumb Code    54  stm32f1xx_hal_tim.o(i.HAL_TIM_PWM_Init)
    HAL_TIM_PWM_MspInit                      0x080019f9   Thumb Code    30  tim.o(i.HAL_TIM_PWM_MspInit)
    HAL_TIM_PWM_PulseFinishedCallback        0x08001a21   Thumb Code     2  stm32f1xx_hal_tim.o(i.HAL_TIM_PWM_PulseFinishedCallback)
    HAL_TIM_PWM_Start                        0x08001a25   Thumb Code    42  stm32f1xx_hal_tim.o(i.HAL_TIM_PWM_Start)
    HAL_TIM_PeriodElapsedCallback            0x08001a55   Thumb Code    16  datalink.o(i.HAL_TIM_PeriodElapsedCallback)
    HAL_TIM_TriggerCallback                  0x08001a6d   Thumb Code     2  stm32f1xx_hal_tim.o(i.HAL_TIM_TriggerCallback)
    HAL_UART_DMAStop                         0x08001a6f   Thumb Code    88  stm32f1xx_hal_uart.o(i.HAL_UART_DMAStop)
    HAL_UART_ErrorCallback                   0x08001ac9   Thumb Code    30  datalink.o(i.HAL_UART_ErrorCallback)
    HAL_UART_IRQHandler                      0x08001af5   Thumb Code   266  stm32f1xx_hal_uart.o(i.HAL_UART_IRQHandler)
    HAL_UART_Init                            0x08001c05   Thumb Code    98  stm32f1xx_hal_uart.o(i.HAL_UART_Init)
    HAL_UART_MspInit                         0x08001c69   Thumb Code   456  usart.o(i.HAL_UART_MspInit)
    HAL_UART_Receive_DMA                     0x08001e51   Thumb Code   138  stm32f1xx_hal_uart.o(i.HAL_UART_Receive_DMA)
    HAL_UART_Receive_IT                      0x08001ee9   Thumb Code    82  stm32f1xx_hal_uart.o(i.HAL_UART_Receive_IT)
    HAL_UART_RxCpltCallback                  0x08001f3d   Thumb Code   194  datalink.o(i.HAL_UART_RxCpltCallback)
    HAL_UART_RxHalfCpltCallback              0x08002019   Thumb Code     2  stm32f1xx_hal_uart.o(i.HAL_UART_RxHalfCpltCallback)
    HAL_UART_Transmit_DMA                    0x0800201d   Thumb Code   114  stm32f1xx_hal_uart.o(i.HAL_UART_Transmit_DMA)
    HAL_UART_TxCpltCallback                  0x0800209d   Thumb Code     2  stm32f1xx_hal_uart.o(i.HAL_UART_TxCpltCallback)
    HAL_UART_TxHalfCpltCallback              0x0800209f   Thumb Code     2  stm32f1xx_hal_uart.o(i.HAL_UART_TxHalfCpltCallback)
    HardFault_Handler                        0x080020a1   Thumb Code     2  stm32f1xx_it.o(i.HardFault_Handler)
    MX_DMA_Init                              0x080020a5   Thumb Code    88  dma.o(i.MX_DMA_Init)
    MX_GPIO_Init                             0x08002101   Thumb Code   102  gpio.o(i.MX_GPIO_Init)
    MX_TIM1_Init                             0x08002171   Thumb Code   100  tim.o(i.MX_TIM1_Init)
    MX_TIM2_Init                             0x080021dd   Thumb Code   100  tim.o(i.MX_TIM2_Init)
    MX_TIM3_Init                             0x08002245   Thumb Code    92  tim.o(i.MX_TIM3_Init)
    MX_TIM4_Init                             0x080022a9   Thumb Code   118  tim.o(i.MX_TIM4_Init)
    MX_USART1_UART_Init                      0x08002329   Thumb Code    48  usart.o(i.MX_USART1_UART_Init)
    MX_USART2_UART_Init                      0x08002361   Thumb Code    48  usart.o(i.MX_USART2_UART_Init)
    MX_USART3_UART_Init                      0x08002399   Thumb Code    48  usart.o(i.MX_USART3_UART_Init)
    MemManage_Handler                        0x080023d1   Thumb Code     2  stm32f1xx_it.o(i.MemManage_Handler)
    NMI_Handler                              0x080023d3   Thumb Code     2  stm32f1xx_it.o(i.NMI_Handler)
    PendSV_Handler                           0x080023f5   Thumb Code     2  stm32f1xx_it.o(i.PendSV_Handler)
    SVC_Handler                              0x080023f7   Thumb Code     2  stm32f1xx_it.o(i.SVC_Handler)
    SysTick_Handler                          0x080023f9   Thumb Code     4  stm32f1xx_it.o(i.SysTick_Handler)
    SystemClock_Config                       0x080023fd   Thumb Code    90  main.o(i.SystemClock_Config)
    SystemInit                               0x08002459   Thumb Code    56  system_stm32f1xx_1.o(i.SystemInit)
    TIM1_BRK_IRQHandler                      0x080024a1   Thumb Code     6  stm32f1xx_it.o(i.TIM1_BRK_IRQHandler)
    TIM1_CC_IRQHandler                       0x080024ad   Thumb Code     6  stm32f1xx_it.o(i.TIM1_CC_IRQHandler)
    TIM1_TRG_COM_IRQHandler                  0x080024b9   Thumb Code     6  stm32f1xx_it.o(i.TIM1_TRG_COM_IRQHandler)
    TIM1_UP_IRQHandler                       0x080024c5   Thumb Code     6  stm32f1xx_it.o(i.TIM1_UP_IRQHandler)
    TIM2_IRQHandler                          0x080024d1   Thumb Code     6  stm32f1xx_it.o(i.TIM2_IRQHandler)
    TIM3_IRQHandler                          0x080024dd   Thumb Code     6  stm32f1xx_it.o(i.TIM3_IRQHandler)
    TIM_Base_SetConfig                       0x080024e9   Thumb Code    94  stm32f1xx_hal_tim.o(i.TIM_Base_SetConfig)
    TIM_CCxChannelCmd                        0x08002555   Thumb Code    22  stm32f1xx_hal_tim.o(i.TIM_CCxChannelCmd)
    TIM_OC2_SetConfig                        0x080025e1   Thumb Code    84  stm32f1xx_hal_tim.o(i.TIM_OC2_SetConfig)
    USART1_IRQHandler                        0x08002a8d   Thumb Code    58  stm32f1xx_it.o(i.USART1_IRQHandler)
    USART2_IRQHandler                        0x08002ad1   Thumb Code    58  stm32f1xx_it.o(i.USART2_IRQHandler)
    USART3_IRQHandler                        0x08002b15   Thumb Code     6  stm32f1xx_it.o(i.USART3_IRQHandler)
    UsageFault_Handler                       0x08002b21   Thumb Code     2  stm32f1xx_it.o(i.UsageFault_Handler)
    __scatterload_copy                       0x08002b23   Thumb Code    14  handlers.o(i.__scatterload_copy)
    __scatterload_null                       0x08002b31   Thumb Code     2  handlers.o(i.__scatterload_null)
    __scatterload_zeroinit                   0x08002b33   Thumb Code    14  handlers.o(i.__scatterload_zeroinit)
    auto_disarming_clear_cnt                 0x08002b4d   Thumb Code     8  auto_disarming.o(i.auto_disarming_clear_cnt)
    auto_disarming_main                      0x08002b59   Thumb Code    22  auto_disarming.o(i.auto_disarming_main)
    control_velocity_main                    0x08002b75   Thumb Code   236  control_velocity.o(i.control_velocity_main)
    datalink_main                            0x08002c69   Thumb Code   188  datalink.o(i.datalink_main)
    datalink_msg_string_enocde               0x08002e35   Thumb Code    38  datalink.o(i.datalink_msg_string_enocde)
    datalink_pc_msg_string_enocde            0x08002f71   Thumb Code    38  datalink.o(i.datalink_pc_msg_string_enocde)
    encoder_main                             0x08002fa1   Thumb Code    28  encoder.o(i.encoder_main)
    get_counder                              0x08002fc9   Thumb Code     8  encoder.o(i.get_counder)
    get_gyro                                 0x08002fd5   Thumb Code    32  gyro.o(i.get_gyro)
    get_micros                               0x08003005   Thumb Code    42  tim.o(i.get_micros)
    get_pid_para                             0x08003031   Thumb Code    18  control_velocity.o(i.get_pid_para)
    gyro_main                                0x08003049   Thumb Code    36  gyro.o(i.gyro_main)
    initialize_encoder                       0x08003079   Thumb Code    22  encoder.o(i.initialize_encoder)
    initialize_motors                        0x08003099   Thumb Code    22  control_velocity.o(i.initialize_motors)
    initialize_scheduler                     0x080030b5   Thumb Code    34  scheduler.o(i.initialize_scheduler)
    initlialze_datalink                      0x080030dd   Thumb Code    88  datalink.o(i.initlialze_datalink)
    main                                     0x0800314d   Thumb Code    98  main.o(i.main)
    malloc                                   0x080031b5   Thumb Code    92  malloc.o(i.malloc)
    read_mpu6050_data_uart                   0x08003221   Thumb Code   144  gyro.o(i.read_mpu6050_data_uart)
    scheduler_run                            0x080032c5   Thumb Code   154  scheduler.o(i.scheduler_run)
    set_desired_speed                        0x08003365   Thumb Code    12  control_velocity.o(i.set_desired_speed)
    set_pid_para                             0x08003375   Thumb Code    10  control_velocity.o(i.set_pid_para)
    setup                                    0x08003429   Thumb Code    34  main.o(i.setup)
    AHBPrescTable                            0x08003450   Data          16  system_stm32f1xx_1.o(.constdata)
    APBPrescTable                            0x08003460   Data           8  system_stm32f1xx_1.o(.constdata)
    Region$$Table$$Base                      0x080034c0   Number         0  anon$$obj.o(Region$$Table)
    Region$$Table$$Limit                     0x080034e0   Number         0  anon$$obj.o(Region$$Table)
    SystemCoreClock                          0x20000000   Data           4  system_stm32f1xx_1.o(.data)
    uwTickFreq                               0x20000004   Data           1  stm32f1xx_hal.o(.data)
    uwTickPrio                               0x20000008   Data           4  stm32f1xx_hal.o(.data)
    uwTick                                   0x2000000c   Data           4  stm32f1xx_hal.o(.data)
    _task                                    0x20000010   Data          60  main.o(.data)
    Uart3_recb                               0x2000004c   Data           1  usart.o(.data)
    k                                        0x20000068   Data           1  datalink.o(.data)
    stat                                     0x20000069   Data           1  datalink.o(.data)
    j                                        0x2000006a   Data           1  datalink.o(.data)
    sum                                      0x2000006b   Data           1  datalink.o(.data)
    _msg                                     0x2000006c   Data           1  datalink.o(.data)
    __microlib_freelist                      0x200000d0   Data           4  mvars.o(.data)
    __microlib_freelist_initialised          0x200000d4   Data           4  mvars.o(.data)
    htim1                                    0x200000d8   Data          64  tim.o(.bss)
    htim2                                    0x20000118   Data          64  tim.o(.bss)
    htim3                                    0x20000158   Data          64  tim.o(.bss)
    htim4                                    0x20000198   Data          64  tim.o(.bss)
    Uart3_rec                                0x200001d8   Data          20  usart.o(.bss)
    huart1                                   0x200001ec   Data          64  usart.o(.bss)
    huart2                                   0x2000022c   Data          64  usart.o(.bss)
    huart3                                   0x2000026c   Data          64  usart.o(.bss)
    hdma_usart1_rx                           0x200002ac   Data          68  usart.o(.bss)
    hdma_usart1_tx                           0x200002f0   Data          68  usart.o(.bss)
    hdma_usart2_rx                           0x20000334   Data          68  usart.o(.bss)
    hdma_usart2_tx                           0x20000378   Data          68  usart.o(.bss)
    gyro_rec                                 0x200003bc   Data          20  datalink.o(.bss)
    _rxbuffer                                0x200003d0   Data         128  datalink.o(.bss)
    _rxbuffer_pc                             0x20000450   Data         128  datalink.o(.bss)
    __heap_base                              0x20000500   Data           0  startup_stm32f103xb.o(HEAP)
    __heap_limit                             0x20000700   Data           0  startup_stm32f103xb.o(HEAP)
    __initial_sp                             0x20000b00   Data           0  startup_stm32f103xb.o(STACK)



==============================================================================

Memory Map of the image

  Image Entry point : 0x080000ed

  Load Region LR_IROM1 (Base: 0x08000000, Size: 0x000035b8, Max: 0x00010000, ABSOLUTE)

    Execution Region ER_IROM1 (Base: 0x08000000, Size: 0x000034e0, Max: 0x00010000, ABSOLUTE)

    Base Addr    Size         Type   Attr      Idx    E Section Name        Object

    0x08000000   0x000000ec   Data   RO            3    RESET               startup_stm32f103xb.o
    0x080000ec   0x00000000   Code   RO         3054  * .ARM.Collect$$$$00000000  mc_w.l(entry.o)
    0x080000ec   0x00000004   Code   RO         3121    .ARM.Collect$$$$00000001  mc_w.l(entry2.o)
    0x080000f0   0x00000004   Code   RO         3124    .ARM.Collect$$$$00000004  mc_w.l(entry5.o)
    0x080000f4   0x00000000   Code   RO         3126    .ARM.Collect$$$$00000008  mc_w.l(entry7b.o)
    0x080000f4   0x00000000   Code   RO         3128    .ARM.Collect$$$$0000000A  mc_w.l(entry8b.o)
    0x080000f4   0x00000008   Code   RO         3129    .ARM.Collect$$$$0000000B  mc_w.l(entry9a.o)
    0x080000fc   0x00000000   Code   RO         3131    .ARM.Collect$$$$0000000D  mc_w.l(entry10a.o)
    0x080000fc   0x00000000   Code   RO         3133    .ARM.Collect$$$$0000000F  mc_w.l(entry11a.o)
    0x080000fc   0x00000004   Code   RO         3122    .ARM.Collect$$$$00002712  mc_w.l(entry2.o)
    0x08000100   0x00000024   Code   RO            4    .text               startup_stm32f103xb.o
    0x08000124   0x00000020   Code   RO         3057    .text               mc_w.l(llushr.o)
    0x08000144   0x00000024   Code   RO         3059    .text               mc_w.l(memcpya.o)
    0x08000168   0x00000024   Code   RO         3061    .text               mc_w.l(memseta.o)
    0x0800018c   0x000000b0   Code   RO         3093    .text               mf_w.l(fadd.o)
    0x0800023c   0x00000064   Code   RO         3095    .text               mf_w.l(fmul.o)
    0x080002a0   0x0000007c   Code   RO         3097    .text               mf_w.l(fdiv.o)
    0x0800031c   0x00000018   Code   RO         3099    .text               mf_w.l(fscalb.o)
    0x08000334   0x0000014e   Code   RO         3101    .text               mf_w.l(dadd.o)
    0x08000482   0x000000e4   Code   RO         3103    .text               mf_w.l(dmul.o)
    0x08000566   0x000000de   Code   RO         3105    .text               mf_w.l(ddiv.o)
    0x08000644   0x0000002e   Code   RO         3107    .text               mf_w.l(dscalb.o)
    0x08000672   0x00000012   Code   RO         3109    .text               mf_w.l(fflti.o)
    0x08000684   0x0000000a   Code   RO         3111    .text               mf_w.l(ffltui.o)
    0x0800068e   0x00000022   Code   RO         3113    .text               mf_w.l(dflti.o)
    0x080006b0   0x00000032   Code   RO         3115    .text               mf_w.l(ffixi.o)
    0x080006e2   0x00000026   Code   RO         3117    .text               mf_w.l(f2d.o)
    0x08000708   0x00000038   Code   RO         3119    .text               mf_w.l(d2f.o)
    0x08000740   0x0000001e   Code   RO         3135    .text               mc_w.l(llshl.o)
    0x0800075e   0x00000024   Code   RO         3137    .text               mc_w.l(llsshr.o)
    0x08000782   0x00000000   Code   RO         3141    .text               mc_w.l(iusefp.o)
    0x08000782   0x0000006e   Code   RO         3142    .text               mf_w.l(fepilogue.o)
    0x080007f0   0x000000ba   Code   RO         3144    .text               mf_w.l(depilogue.o)
    0x080008aa   0x00000002   PAD
    0x080008ac   0x00000024   Code   RO         3146    .text               mc_w.l(init.o)
    0x080008d0   0x00000002   Code   RO         2519    i.BusFault_Handler  stm32f1xx_it.o
    0x080008d2   0x00000002   PAD
    0x080008d4   0x0000000c   Code   RO         2520    i.DMA1_Channel4_IRQHandler  stm32f1xx_it.o
    0x080008e0   0x0000000c   Code   RO         2521    i.DMA1_Channel5_IRQHandler  stm32f1xx_it.o
    0x080008ec   0x0000000c   Code   RO         2522    i.DMA1_Channel6_IRQHandler  stm32f1xx_it.o
    0x080008f8   0x0000000c   Code   RO         2523    i.DMA1_Channel7_IRQHandler  stm32f1xx_it.o
    0x08000904   0x0000002a   Code   RO         1719    i.DMA_SetConfig     stm32f1xx_hal_dma.o
    0x0800092e   0x00000002   Code   RO         2524    i.DebugMon_Handler  stm32f1xx_it.o
    0x08000930   0x00000002   Code   RO         2244    i.Error_Handler     main.o
    0x08000932   0x00000030   Code   RO         1720    i.HAL_DMA_Abort     stm32f1xx_hal_dma.o
    0x08000962   0x00000002   PAD
    0x08000964   0x00000098   Code   RO         1721    i.HAL_DMA_Abort_IT  stm32f1xx_hal_dma.o
    0x080009fc   0x00000154   Code   RO         1725    i.HAL_DMA_IRQHandler  stm32f1xx_hal_dma.o
    0x08000b50   0x00000064   Code   RO         1726    i.HAL_DMA_Init      stm32f1xx_hal_dma.o
    0x08000bb4   0x00000070   Code   RO         1730    i.HAL_DMA_Start_IT  stm32f1xx_hal_dma.o
    0x08000c24   0x00000024   Code   RO         1363    i.HAL_Delay         stm32f1xx_hal.o
    0x08000c48   0x000001bc   Code   RO         1656    i.HAL_GPIO_Init     stm32f1xx_hal_gpio.o
    0x08000e04   0x0000000a   Code   RO         1660    i.HAL_GPIO_WritePin  stm32f1xx_hal_gpio.o
    0x08000e0e   0x00000002   PAD
    0x08000e10   0x0000000c   Code   RO         1367    i.HAL_GetTick       stm32f1xx_hal.o
    0x08000e1c   0x00000010   Code   RO         1371    i.HAL_IncTick       stm32f1xx_hal.o
    0x08000e2c   0x00000024   Code   RO         1372    i.HAL_Init          stm32f1xx_hal.o
    0x08000e50   0x00000040   Code   RO         1373    i.HAL_InitTick      stm32f1xx_hal.o
    0x08000e90   0x0000003c   Code   RO         2673    i.HAL_MspInit       stm32f1xx_hal_msp.o
    0x08000ecc   0x00000016   Code   RO         1816    i.HAL_NVIC_EnableIRQ  stm32f1xx_hal_cortex.o
    0x08000ee2   0x00000002   PAD
    0x08000ee4   0x00000040   Code   RO         1822    i.HAL_NVIC_SetPriority  stm32f1xx_hal_cortex.o
    0x08000f24   0x00000024   Code   RO         1823    i.HAL_NVIC_SetPriorityGrouping  stm32f1xx_hal_cortex.o
    0x08000f48   0x00000154   Code   RO         1516    i.HAL_RCC_ClockConfig  stm32f1xx_hal_rcc.o
    0x0800109c   0x00000020   Code   RO         1523    i.HAL_RCC_GetPCLK1Freq  stm32f1xx_hal_rcc.o
    0x080010bc   0x00000020   Code   RO         1524    i.HAL_RCC_GetPCLK2Freq  stm32f1xx_hal_rcc.o
    0x080010dc   0x0000006c   Code   RO         1525    i.HAL_RCC_GetSysClockFreq  stm32f1xx_hal_rcc.o
    0x08001148   0x00000304   Code   RO         1528    i.HAL_RCC_OscConfig  stm32f1xx_hal_rcc.o
    0x0800144c   0x00000028   Code   RO         1827    i.HAL_SYSTICK_Config  stm32f1xx_hal_cortex.o
    0x08001474   0x00000002   Code   RO          797    i.HAL_TIMEx_BreakCallback  stm32f1xx_hal_tim_ex.o
    0x08001476   0x00000002   Code   RO          798    i.HAL_TIMEx_CommutationCallback  stm32f1xx_hal_tim_ex.o
    0x08001478   0x00000050   Code   RO          814    i.HAL_TIMEx_MasterConfigSynchronization  stm32f1xx_hal_tim_ex.o
    0x080014c8   0x00000036   Code   RO          168    i.HAL_TIM_Base_Init  stm32f1xx_hal_tim.o
    0x080014fe   0x00000002   PAD
    0x08001500   0x000000fc   Code   RO         2374    i.HAL_TIM_Base_MspInit  tim.o
    0x080015fc   0x00000018   Code   RO          173    i.HAL_TIM_Base_Start_IT  stm32f1xx_hal_tim.o
    0x08001614   0x000000f2   Code   RO          177    i.HAL_TIM_ConfigClockSource  stm32f1xx_hal_tim.o
    0x08001706   0x00000002   PAD
    0x08001708   0x00000034   Code   RO          189    i.HAL_TIM_Encoder_Start  stm32f1xx_hal_tim.o
    0x0800173c   0x00000002   Code   RO          197    i.HAL_TIM_IC_CaptureCallback  stm32f1xx_hal_tim.o
    0x0800173e   0x00000166   Code   RO          210    i.HAL_TIM_IRQHandler  stm32f1xx_hal_tim.o
    0x080018a4   0x0000004c   Code   RO         2375    i.HAL_TIM_MspPostInit  tim.o
    0x080018f0   0x00000002   Code   RO          213    i.HAL_TIM_OC_DelayElapsedCallback  stm32f1xx_hal_tim.o
    0x080018f2   0x000000d0   Code   RO          234    i.HAL_TIM_PWM_ConfigChannel  stm32f1xx_hal_tim.o
    0x080019c2   0x00000036   Code   RO          237    i.HAL_TIM_PWM_Init  stm32f1xx_hal_tim.o
    0x080019f8   0x00000028   Code   RO         2377    i.HAL_TIM_PWM_MspInit  tim.o
    0x08001a20   0x00000002   Code   RO          240    i.HAL_TIM_PWM_PulseFinishedCallback  stm32f1xx_hal_tim.o
    0x08001a22   0x00000002   PAD
    0x08001a24   0x00000030   Code   RO          241    i.HAL_TIM_PWM_Start  stm32f1xx_hal_tim.o
    0x08001a54   0x00000018   Code   RO         2750    i.HAL_TIM_PeriodElapsedCallback  datalink.o
    0x08001a6c   0x00000002   Code   RO          251    i.HAL_TIM_TriggerCallback  stm32f1xx_hal_tim.o
    0x08001a6e   0x00000058   Code   RO         1049    i.HAL_UART_DMAStop  stm32f1xx_hal_uart.o
    0x08001ac6   0x00000002   PAD
    0x08001ac8   0x0000002c   Code   RO         2751    i.HAL_UART_ErrorCallback  datalink.o
    0x08001af4   0x00000110   Code   RO         1054    i.HAL_UART_IRQHandler  stm32f1xx_hal_uart.o
    0x08001c04   0x00000062   Code   RO         1055    i.HAL_UART_Init     stm32f1xx_hal_uart.o
    0x08001c66   0x00000002   PAD
    0x08001c68   0x000001e8   Code   RO         2458    i.HAL_UART_MspInit  usart.o
    0x08001e50   0x00000098   Code   RO         1059    i.HAL_UART_Receive_DMA  stm32f1xx_hal_uart.o
    0x08001ee8   0x00000052   Code   RO         1060    i.HAL_UART_Receive_IT  stm32f1xx_hal_uart.o
    0x08001f3a   0x00000002   PAD
    0x08001f3c   0x000000dc   Code   RO         2752    i.HAL_UART_RxCpltCallback  datalink.o
    0x08002018   0x00000002   Code   RO         1062    i.HAL_UART_RxHalfCpltCallback  stm32f1xx_hal_uart.o
    0x0800201a   0x00000002   PAD
    0x0800201c   0x00000080   Code   RO         1064    i.HAL_UART_Transmit_DMA  stm32f1xx_hal_uart.o
    0x0800209c   0x00000002   Code   RO         1066    i.HAL_UART_TxCpltCallback  stm32f1xx_hal_uart.o
    0x0800209e   0x00000002   Code   RO         1067    i.HAL_UART_TxHalfCpltCallback  stm32f1xx_hal_uart.o
    0x080020a0   0x00000002   Code   RO         2525    i.HardFault_Handler  stm32f1xx_it.o
    0x080020a2   0x00000002   PAD
    0x080020a4   0x0000005c   Code   RO         2349    i.MX_DMA_Init       dma.o
    0x08002100   0x00000070   Code   RO         2325    i.MX_GPIO_Init      gpio.o
    0x08002170   0x0000006c   Code   RO         2378    i.MX_TIM1_Init      tim.o
    0x080021dc   0x00000068   Code   RO         2379    i.MX_TIM2_Init      tim.o
    0x08002244   0x00000064   Code   RO         2380    i.MX_TIM3_Init      tim.o
    0x080022a8   0x00000080   Code   RO         2381    i.MX_TIM4_Init      tim.o
    0x08002328   0x00000038   Code   RO         2459    i.MX_USART1_UART_Init  usart.o
    0x08002360   0x00000038   Code   RO         2460    i.MX_USART2_UART_Init  usart.o
    0x08002398   0x00000038   Code   RO         2461    i.MX_USART3_UART_Init  usart.o
    0x080023d0   0x00000002   Code   RO         2526    i.MemManage_Handler  stm32f1xx_it.o
    0x080023d2   0x00000002   Code   RO         2527    i.NMI_Handler       stm32f1xx_it.o
    0x080023d4   0x00000020   Code   RO         1829    i.NVIC_SetPriority  stm32f1xx_hal_cortex.o
    0x080023f4   0x00000002   Code   RO         2528    i.PendSV_Handler    stm32f1xx_it.o
    0x080023f6   0x00000002   Code   RO         2529    i.SVC_Handler       stm32f1xx_it.o
    0x080023f8   0x00000004   Code   RO         2530    i.SysTick_Handler   stm32f1xx_it.o
    0x080023fc   0x0000005a   Code   RO         2245    i.SystemClock_Config  main.o
    0x08002456   0x00000002   PAD
    0x08002458   0x00000048   Code   RO           14    i.SystemInit        system_stm32f1xx_1.o
    0x080024a0   0x0000000c   Code   RO         2531    i.TIM1_BRK_IRQHandler  stm32f1xx_it.o
    0x080024ac   0x0000000c   Code   RO         2532    i.TIM1_CC_IRQHandler  stm32f1xx_it.o
    0x080024b8   0x0000000c   Code   RO         2533    i.TIM1_TRG_COM_IRQHandler  stm32f1xx_it.o
    0x080024c4   0x0000000c   Code   RO         2534    i.TIM1_UP_IRQHandler  stm32f1xx_it.o
    0x080024d0   0x0000000c   Code   RO         2535    i.TIM2_IRQHandler   stm32f1xx_it.o
    0x080024dc   0x0000000c   Code   RO         2536    i.TIM3_IRQHandler   stm32f1xx_it.o
    0x080024e8   0x0000006c   Code   RO          252    i.TIM_Base_SetConfig  stm32f1xx_hal_tim.o
    0x08002554   0x00000016   Code   RO          253    i.TIM_CCxChannelCmd  stm32f1xx_hal_tim.o
    0x0800256a   0x00000014   Code   RO          259    i.TIM_ETR_SetConfig  stm32f1xx_hal_tim.o
    0x0800257e   0x00000010   Code   RO          260    i.TIM_ITRx_SetConfig  stm32f1xx_hal_tim.o
    0x0800258e   0x00000002   PAD
    0x08002590   0x00000050   Code   RO          261    i.TIM_OC1_SetConfig  stm32f1xx_hal_tim.o
    0x080025e0   0x00000058   Code   RO          262    i.TIM_OC2_SetConfig  stm32f1xx_hal_tim.o
    0x08002638   0x00000058   Code   RO          263    i.TIM_OC3_SetConfig  stm32f1xx_hal_tim.o
    0x08002690   0x00000044   Code   RO          264    i.TIM_OC4_SetConfig  stm32f1xx_hal_tim.o
    0x080026d4   0x00000022   Code   RO          266    i.TIM_TI1_ConfigInputStage  stm32f1xx_hal_tim.o
    0x080026f6   0x00000024   Code   RO          268    i.TIM_TI2_ConfigInputStage  stm32f1xx_hal_tim.o
    0x0800271a   0x00000010   Code   RO         1068    i.UART_DMAAbortOnError  stm32f1xx_hal_uart.o
    0x0800272a   0x0000004a   Code   RO         1069    i.UART_DMAError     stm32f1xx_hal_uart.o
    0x08002774   0x0000003c   Code   RO         1070    i.UART_DMAReceiveCplt  stm32f1xx_hal_uart.o
    0x080027b0   0x0000000a   Code   RO         1072    i.UART_DMARxHalfCplt  stm32f1xx_hal_uart.o
    0x080027ba   0x0000002e   Code   RO         1074    i.UART_DMATransmitCplt  stm32f1xx_hal_uart.o
    0x080027e8   0x0000000a   Code   RO         1076    i.UART_DMATxHalfCplt  stm32f1xx_hal_uart.o
    0x080027f2   0x0000001c   Code   RO         1078    i.UART_EndRxTransfer  stm32f1xx_hal_uart.o
    0x0800280e   0x00000012   Code   RO         1079    i.UART_EndTxTransfer  stm32f1xx_hal_uart.o
    0x08002820   0x00000096   Code   RO         1080    i.UART_Receive_IT   stm32f1xx_hal_uart.o
    0x080028b6   0x00000002   PAD
    0x080028b8   0x00000170   Code   RO         1081    i.UART_SetConfig    stm32f1xx_hal_uart.o
    0x08002a28   0x00000062   Code   RO         1082    i.UART_Transmit_IT  stm32f1xx_hal_uart.o
    0x08002a8a   0x00000002   PAD
    0x08002a8c   0x00000044   Code   RO         2537    i.USART1_IRQHandler  stm32f1xx_it.o
    0x08002ad0   0x00000044   Code   RO         2538    i.USART2_IRQHandler  stm32f1xx_it.o
    0x08002b14   0x0000000c   Code   RO         2539    i.USART3_IRQHandler  stm32f1xx_it.o
    0x08002b20   0x00000002   Code   RO         2540    i.UsageFault_Handler  stm32f1xx_it.o
    0x08002b22   0x0000000e   Code   RO         3150    i.__scatterload_copy  mc_w.l(handlers.o)
    0x08002b30   0x00000002   Code   RO         3151    i.__scatterload_null  mc_w.l(handlers.o)
    0x08002b32   0x0000000e   Code   RO         3152    i.__scatterload_zeroinit  mc_w.l(handlers.o)
    0x08002b40   0x0000000a   Code   RO         2839    i.abs               control_velocity.o
    0x08002b4a   0x00000002   PAD
    0x08002b4c   0x0000000c   Code   RO         2987    i.auto_disarming_clear_cnt  auto_disarming.o
    0x08002b58   0x0000001c   Code   RO         2988    i.auto_disarming_main  auto_disarming.o
    0x08002b74   0x000000f4   Code   RO         2840    i.control_velocity_main  control_velocity.o
    0x08002c68   0x000000e4   Code   RO         2753    i.datalink_main     datalink.o
    0x08002d4c   0x000000e8   Code   RO         2754    i.datalink_msg_encode  datalink.o
    0x08002e34   0x00000030   Code   RO         2755    i.datalink_msg_string_enocde  datalink.o
    0x08002e64   0x0000010c   Code   RO         2756    i.datalink_pc_msg_encode  datalink.o
    0x08002f70   0x00000030   Code   RO         2757    i.datalink_pc_msg_string_enocde  datalink.o
    0x08002fa0   0x00000028   Code   RO         3019    i.encoder_main      encoder.o
    0x08002fc8   0x0000000c   Code   RO         3020    i.get_counder       encoder.o
    0x08002fd4   0x00000030   Code   RO         2908    i.get_gyro          gyro.o
    0x08003004   0x0000002a   Code   RO         2382    i.get_micros        tim.o
    0x0800302e   0x00000002   PAD
    0x08003030   0x00000018   Code   RO         2842    i.get_pid_para      control_velocity.o
    0x08003048   0x00000030   Code   RO         2910    i.gyro_main         gyro.o
    0x08003078   0x00000020   Code   RO         3021    i.initialize_encoder  encoder.o
    0x08003098   0x0000001c   Code   RO         2843    i.initialize_motors  control_velocity.o
    0x080030b4   0x00000028   Code   RO         2699    i.initialize_scheduler  scheduler.o
    0x080030dc   0x00000070   Code   RO         2758    i.initlialze_datalink  datalink.o
    0x0800314c   0x00000068   Code   RO         2246    i.main              main.o
    0x080031b4   0x0000006c   Code   RO         3066    i.malloc            mc_w.l(malloc.o)
    0x08003220   0x000000a4   Code   RO         2911    i.read_mpu6050_data_uart  gyro.o
    0x080032c4   0x000000a0   Code   RO         2700    i.scheduler_run     scheduler.o
    0x08003364   0x00000010   Code   RO         2844    i.set_desired_speed  control_velocity.o
    0x08003374   0x00000010   Code   RO         2845    i.set_pid_para      control_velocity.o
    0x08003384   0x000000a4   Code   RO         2846    i.set_pwm           control_velocity.o
    0x08003428   0x00000028   Code   RO         2247    i.setup             main.o
    0x08003450   0x00000010   Data   RO           15    .constdata          system_stm32f1xx_1.o
    0x08003460   0x00000008   Data   RO           16    .constdata          system_stm32f1xx_1.o
    0x08003468   0x00000056   Data   RO         2248    .conststring        main.o
    0x080034be   0x00000002   PAD
    0x080034c0   0x00000020   Data   RO         3148    Region$$Table       anon$$obj.o


    Execution Region RW_IRAM1 (Base: 0x20000000, Size: 0x00000b00, Max: 0x00005000, ABSOLUTE)

    Base Addr    Size         Type   Attr      Idx    E Section Name        Object

    0x20000000   0x00000004   Data   RW           17    .data               system_stm32f1xx_1.o
    0x20000004   0x0000000c   Data   RW         1379    .data               stm32f1xx_hal.o
    0x20000010   0x0000003c   Data   RW         2249    .data               main.o
    0x2000004c   0x00000001   Data   RW         2465    .data               usart.o
    0x2000004d   0x00000003   PAD
    0x20000050   0x00000018   Data   RW         2701    .data               scheduler.o
    0x20000068   0x00000028   Data   RW         2760    .data               datalink.o
    0x20000090   0x0000002c   Data   RW         2847    .data               control_velocity.o
    0x200000bc   0x00000008   Data   RW         2913    .data               gyro.o
    0x200000c4   0x00000006   Data   RW         2989    .data               auto_disarming.o
    0x200000ca   0x00000004   Data   RW         3022    .data               encoder.o
    0x200000ce   0x00000002   PAD
    0x200000d0   0x00000004   Data   RW         3139    .data               mc_w.l(mvars.o)
    0x200000d4   0x00000004   Data   RW         3140    .data               mc_w.l(mvars.o)
    0x200000d8   0x00000100   Zero   RW         2383    .bss                tim.o
    0x200001d8   0x00000014   Zero   RW         2463    .bss                usart.o
    0x200001ec   0x000001d0   Zero   RW         2464    .bss                usart.o
    0x200003bc   0x00000129   Zero   RW         2759    .bss                datalink.o
    0x200004e5   0x00000003   PAD
    0x200004e8   0x00000018   Zero   RW         2912    .bss                gyro.o
    0x20000500   0x00000200   Zero   RW            2    HEAP                startup_stm32f103xb.o
    0x20000700   0x00000400   Zero   RW            1    STACK               startup_stm32f103xb.o


==============================================================================

Image component sizes


      Code (inc. data)   RO Data    RW Data    ZI Data      Debug   Object Name

        40         10          0          6          0       1725   auto_disarming.o
       502         38          0         44          0       5266   control_velocity.o
      1224        166          0         40        297       7858   datalink.o
        92          4          0          0          0        806   dma.o
        84         26          0          4          0       2110   encoder.o
       112         10          0          0          0        931   gpio.o
       260         48          0          8         24       2312   gyro.o
       236         12         86         60          0       3534   main.o
       200         12          0         24          0       3055   scheduler.o
        36          8        236          0       1536        820   startup_stm32f103xb.o
       164         28          0         12          0       4009   stm32f1xx_hal.o
       194         14          0          0          0      25891   stm32f1xx_hal_cortex.o
       794         36          0          0          0       5074   stm32f1xx_hal_dma.o
       454         36          0          0          0       2956   stm32f1xx_hal_gpio.o
        60          8          0          0          0        890   stm32f1xx_hal_msp.o
      1284         98          0          0          0       5336   stm32f1xx_hal_rcc.o
      1608         40          0          0          0      16206   stm32f1xx_hal_tim.o
        84          0          0          0          0       2426   stm32f1xx_hal_tim_ex.o
      1704         38          0          0          0      14076   stm32f1xx_hal_uart.o
       288         86          0          0          0      10933   stm32f1xx_it.o
        72         16         24          4          0     433343   system_stm32f1xx_1.o
       850         70          0          0        256       5586   tim.o
       656         56          0          1        484       3581   usart.o

    ----------------------------------------------------------------------
     11034        860        380        208       2600     558724   Object Totals
         0          0         32          0          0          0   (incl. Generated)
        36          0          2          5          3          0   (incl. Padding)

    ----------------------------------------------------------------------

      Code (inc. data)   RO Data    RW Data    ZI Data      Debug   Library Member Name

         0          0          0          0          0          0   entry.o
         0          0          0          0          0          0   entry10a.o
         0          0          0          0          0          0   entry11a.o
         8          4          0          0          0          0   entry2.o
         4          0          0          0          0          0   entry5.o
         0          0          0          0          0          0   entry7b.o
         0          0          0          0          0          0   entry8b.o
         8          4          0          0          0          0   entry9a.o
        30          0          0          0          0          0   handlers.o
        36          8          0          0          0         68   init.o
         0          0          0          0          0          0   iusefp.o
        30          0          0          0          0         68   llshl.o
        36          0          0          0          0         68   llsshr.o
        32          0          0          0          0         68   llushr.o
       108         16          0          0          0         84   malloc.o
        36          0          0          0          0         68   memcpya.o
        36          0          0          0          0        108   memseta.o
         0          0          0          8          0          0   mvars.o
        56          0          0          0          0         88   d2f.o
       334          0          0          0          0        148   dadd.o
       222          0          0          0          0        100   ddiv.o
       186          0          0          0          0        176   depilogue.o
        34          0          0          0          0         76   dflti.o
       228          0          0          0          0         96   dmul.o
        46          0          0          0          0         80   dscalb.o
        38          0          0          0          0         68   f2d.o
       176          0          0          0          0        140   fadd.o
       124          0          0          0          0         88   fdiv.o
       110          0          0          0          0        168   fepilogue.o
        50          0          0          0          0         68   ffixi.o
        18          0          0          0          0         68   fflti.o
        10          0          0          0          0         68   ffltui.o
       100          0          0          0          0         76   fmul.o
        24          0          0          0          0         68   fscalb.o

    ----------------------------------------------------------------------
      2122         32          0          8          0       2108   Library Totals
         2          0          0          0          0          0   (incl. Padding)

    ----------------------------------------------------------------------

      Code (inc. data)   RO Data    RW Data    ZI Data      Debug   Library Name

       364         32          0          8          0        532   mc_w.l
      1756          0          0          0          0       1576   mf_w.l

    ----------------------------------------------------------------------
      2122         32          0          8          0       2108   Library Totals

    ----------------------------------------------------------------------

==============================================================================


      Code (inc. data)   RO Data    RW Data    ZI Data      Debug   

     13156        892        380        216       2600     552976   Grand Totals
     13156        892        380        216       2600     552976   ELF Image Totals
     13156        892        380        216          0          0   ROM Totals

==============================================================================

    Total RO  Size (Code + RO Data)                13536 (  13.22kB)
    Total RW  Size (RW Data + ZI Data)              2816 (   2.75kB)
    Total ROM Size (Code + RO Data + RW Data)      13752 (  13.43kB)

==============================================================================

