<html>
<body>
<pre>
<h1>µVision Build Log</h1>
<h2>Tool Versions:</h2>
IDE-Version: ¦ÌVision V5.23.0.0
Copyright (C) 2017 ARM Ltd and ARM Germany GmbH. All rights reserved.
License Information: HC G, TJPU, LIC=PE7Z9-4TUQ5-U4WS7-ERLK0-L72GR-SZRXF
 
Tool Versions:
Toolchain:       MDK-ARM Plus  Version: 5.23
Toolchain Path:  C:\Keil_v5\ARM\ARMCC\Bin
C Compiler:      Armcc.exe V5.06 update 4 (build 422)
Assembler:       Armasm.exe V5.06 update 4 (build 422)
Linker/Locator:  ArmLink.exe V5.06 update 4 (build 422)
Library Manager: ArmAr.exe V5.06 update 4 (build 422)
Hex Converter:   FromElf.exe V5.06 update 4 (build 422)
CPU DLL:         SARMCM3.DLL V5.23
Dialog DLL:      DCM.DLL V1.15.0.0
Target DLL:      STLink\ST-LINKIII-KEIL_SWO.dll V2.0.18.0
Dialog DLL:      TCM.DLL V1.27.0.0
 
<h2>Project:</h2>
C:\Users\IDE\OneDrive\stm32\´ó°×stm32³ÌÐò\robot(4) - 2019.3.21\MDK-ARM\robot.uvprojx
Project File Date:  04/03/2019

<h2>Output:</h2>
*** Using Compiler 'V5.06 update 4 (build 422)', folder: 'C:\Keil_v5\ARM\ARMCC\Bin'
Build target 'robot'
compiling datalink.c...
../Inc/../modules/datalink/datalink.h(6): warning:  #1295-D: Deprecated declaration initlialze_datalink - give arg types
  void initlialze_datalink();
../Inc/../modules/datalink/datalink.h(7): warning:  #1295-D: Deprecated declaration datalink_main - give arg types
  void datalink_main();
../Inc/../modules/encoder/encoder.h(5): warning:  #1295-D: Deprecated declaration encoder_main - give arg types
  void encoder_main();
..\modules\datalink\datalink.c(127): warning:  #223-D: function "memcpy" declared implicitly
                                memcpy(gyro_rec, Uart3_rec, sizeof(unsigned char)*20);
..\modules\datalink\datalink.c: 4 warnings, 0 errors
linking...
Program Size: Code=12844 RO-data=380 RW-data=216 ZI-data=2536  
FromELF: creating hex file...
"robot\robot.axf" - 0 Error(s), 4 Warning(s).

<h2>Software Packages used:</h2>

Package Vendor: ARM
                http://www.keil.com/pack/ARM.CMSIS.5.0.1.pack
                ARM::CMSIS:CORE:5.0.1
                CMSIS (Cortex Microcontroller Software Interface Standard)
   * Component: CORE Version: 5.0.1

<h2>Collection of Component include folders:</h2>
  .\RTE\_robot
  C:\Keil_v5\ARM\PACK\ARM\CMSIS\5.0.1\CMSIS\Include
  C:\Keil_v5\ARM\PACK\Keil\STM32F1xx_DFP\2.2.0\Device\Include

<h2>Collection of Component Files used:</h2>

   * Component: ARM::CMSIS:CORE:5.0.1
Build Time Elapsed:  00:00:07
</pre>
</body>
</html>
