################################################################################
#                                                                              #
#      IAR Universal Linker V4.60I/386                                         #
#                                                                              #
#           Link time     =  27/Oct/2009  15:54:35                             #
#           Target CPU    =  ARM                                               #
#           List file     =  E:\电脑鼠资料\光盘内容\Demo\Maze\Maze\Debug\List\ #
#                            Maze.map                                          #
#           Output file 1 =  E:\电脑鼠资料\光盘内容\Demo\Maze\Maze\Debug\Exe\M #
#                            aze.d79                                           #
#                            Format: debug                                     #
#                            UBROF version 10.0.2                              #
#                            Using library modules for C-SPY (-rt)             #
#           Output file 2 =  E:\电脑鼠资料\光盘内容\Demo\Maze\Maze\Debug\Exe\M #
#                            aze.sim                                           #
#                            Format: simple-code                               #
#           Command line  =  "C:\Program Files\IAR Systems\Embedded Workbench  #
#                            4.0 Kickstart\arm\lib\Luminary\driverlib.r79"     #
#                            E:\电脑鼠资料\光盘内容\Demo\Maze\Maze\Debug\Obj\M #
#                            ouse_Drive.r79                                    #
#                            E:\电脑鼠资料\光盘内容\Demo\Maze\Maze\Debug\Obj\m #
#                            aze.r79                                           #
#                            E:\电脑鼠资料\光盘内容\Demo\Maze\Maze\Debug\Obj\s #
#                            tartup.r79                                        #
#                            E:\电脑鼠资料\光盘内容\Demo\Maze\Maze\Debug\Obj\z #
#                            lg7289.r79                                        #
#                            -o                                                #
#                            E:\电脑鼠资料\光盘内容\Demo\Maze\Maze\Debug\Exe\M #
#                            aze.d79                                           #
#                            -l                                                #
#                            E:\电脑鼠资料\光盘内容\Demo\Maze\Maze\Debug\List\ #
#                            Maze.map                                          #
#                            -xms                                              #
#                            "-IC:\Program Files\IAR Systems\Embedded Workbenc #
#                            h 4.0 Kickstart\arm\LIB\"                         #
#                            -f                                                #
#                            "C:\Program Files\IAR Systems\Embedded Workbench  #
#                            4.0 Kickstart\arm\config\lnk_LM3.xcl"             #
#                            (-carm -DROMSTART=00000000 -DROMEND=0003FFFF      #
#                            -DRAMSTART=20000000 -DRAMEND=2000FFFF             #
#                            -Z(CODE)INTVEC=ROMSTART-ROMEND                    #
#                            -Z(CODE)ICODE,DIFUNCT=ROMSTART-ROMEND             #
#                            -Z(CODE)CODE=ROMSTART-ROMEND                      #
#                            -Z(CONST)CODE_ID=ROMSTART-ROMEND                  #
#                            -Z(CONST)INITTAB,DATA_ID,DATA_C=ROMSTART-ROMEND   #
#                            -Z(CONST)CHECKSUM=ROMSTART-ROMEND                 #
#                            -Z(DATA)VTABLE=RAMSTART-RAMEND                    #
#                            -Z(DATA)DATA_I,DATA_Z,DATA_N=RAMSTART-RAMEND      #
#                            -Z(DATA)CODE_I=RAMSTART-RAMEND) -rt               #
#                            "C:\Program Files\IAR Systems\Embedded Workbench  #
#                            4.0 Kickstart\arm\LIB\dl7mptnnl8n.r79"            #
#                            -Osimple-code=E:\电脑鼠资料\光盘内容\Demo\Maze\Ma #
#                            ze\Debug\Exe\Maze.sim                             #
#                            -s ResetISR -e__write_buffered=__write            #
#                                                                              #
#                        Copyright 1987-2007 IAR Systems. All rights reserved. #
################################################################################





                ****************************************
                *                                      *
                *           CROSS REFERENCE            *
                *                                      *
                ****************************************

       Program entry at :           000025C5  Relocatable, from module : startup




                ****************************************
                *                                      *
                *            RUNTIME MODEL             *
                *                                      *
                ****************************************

  StackAlign4  = USED
  __cpu_mode   = __pcs__thumb
  __data_model = absolute
  __endian     = little
  __rt_version = 6



                ****************************************
                *                                      *
                *              MODULE MAP              *
                *                                      *
                ****************************************


  DEFINED ABSOLUTE ENTRIES
    *************************************************************************

  DEFINED ABSOLUTE ENTRIES
  PROGRAM MODULE, NAME : ?ABS_ENTRY_MOD

Absolute parts
           ENTRY                   ADDRESS         REF BY
           =====                   =======         ======
           RAMEND                  2000FFFF 
           RAMSTART                20000000 
           ROMEND                  0003FFFF 
           ROMSTART                00000000 
    *************************************************************************

  FILE NAME : C:\Program Files\IAR Systems\Embedded Workbench 4.0 Kickstart\arm\lib\Luminary\driverlib.r79
  LIBRARY MODULE, NAME : __lib_adc

  SEGMENTS IN THE MODULE
  ======================
CODE
  Relative segment, address: 000000F0 - 00000107 (0x18 bytes), align: 2
  Segment part 7.
           ENTRY                   ADDRESS         REF BY
           =====                   =======         ======
           ADCIntStatus            000000F1        voltageDetect (Mouse_Drive)
    -------------------------------------------------------------------------
CODE
  Relative segment, address: 00000108 - 0000010F (0x8 bytes), align: 2
  Segment part 8.
           ENTRY                   ADDRESS         REF BY
           =====                   =======         ======
           ADCIntClear             00000109        voltageDetect (Mouse_Drive)
    -------------------------------------------------------------------------
CODE
  Relative segment, address: 00000110 - 0000011B (0xc bytes), align: 2
  Segment part 9.
           ENTRY                   ADDRESS         REF BY
           =====                   =======         ======
           ADCSequenceEnable       00000111        __ADCInit (Mouse_Drive)
    -------------------------------------------------------------------------
CODE
  Relative segment, address: 0000011C - 00000149 (0x2e bytes), align: 2
  Segment part 11.
           ENTRY                   ADDRESS         REF BY
           =====                   =======         ======
           ADCSequenceConfigure    0000011D        __ADCInit (Mouse_Drive)
               stack 1 = 00000000 ( 00000008 )
    -------------------------------------------------------------------------
CODE
  Relative segment, address: 0000014C - 00000183 (0x38 bytes), align: 2
  Segment part 12.
           ENTRY                   ADDRESS         REF BY
           =====                   =======         ======
           ADCSequenceStepConfigure
                                   0000014D        __ADCInit (Mouse_Drive)
               stack 1 = 00000000 ( 00000004 )
    -------------------------------------------------------------------------
CODE
  Relative segment, address: 00000184 - 000001A5 (0x22 bytes), align: 2
  Segment part 17.
           ENTRY                   ADDRESS         REF BY
           =====                   =======         ======
           ADCSequenceDataGet      00000185        voltageDetect (Mouse_Drive)
    -------------------------------------------------------------------------
CODE
  Relative segment, address: 000001A8 - 000001AF (0x8 bytes), align: 2
  Segment part 18.
           ENTRY                   ADDRESS         REF BY
           =====                   =======         ======
           ADCProcessorTrigger     000001A9        voltageDetect (Mouse_Drive)
    -------------------------------------------------------------------------
CODE
  Relative segment, address: 000001B0 - 000001C1 (0x12 bytes), align: 2
  Segment part 23.
           ENTRY                   ADDRESS         REF BY
           =====                   =======         ======
           ADCHardwareOversampleConfigure
                                   000001B1        __ADCInit (Mouse_Drive)

    -------------------------------------------------------------------------
  LIBRARY MODULE, NAME : __lib_gpio

  SEGMENTS IN THE MODULE
  ======================
CODE
  Relative segment, address: 000001C4 - 0000020D (0x4a bytes), align: 2
  Segment part 3.             Intra module refs:   GPIOPinTypePWM
           ENTRY                   ADDRESS         REF BY
           =====                   =======         ======
           GPIODirModeSet          000001C5        __keyInit (Mouse_Drive)
                                                   __sensorInit (Mouse_Drive)
                                                   __stepMotorIint (Mouse_Drive)
                                                   __zlg7289SPIWrite (zlg7289)
                                                   zlg7289Init (zlg7289)
               stack 1 = 00000000 ( 00000004 )
    -------------------------------------------------------------------------
CODE
  Relative segment, address: 00000210 - 00000323 (0x114 bytes), align: 2
  Segment part 7.             Intra module refs:   GPIOPinTypePWM
           ENTRY                   ADDRESS         REF BY
           =====                   =======         ======
           GPIOPadConfigSet        00000211 
               stack 1 = 00000000 ( 00000008 )
    -------------------------------------------------------------------------
CODE
  Relative segment, address: 00000324 - 00000329 (0x6 bytes), align: 2
  Segment part 15.
           ENTRY                   ADDRESS         REF BY
           =====                   =======         ======
           GPIOPinRead             00000325        __irCheck (Mouse_Drive)
                                                   keyCheck (Mouse_Drive)
    -------------------------------------------------------------------------
CODE
  Relative segment, address: 0000032C - 00000331 (0x6 bytes), align: 2
  Segment part 16.
           ENTRY                   ADDRESS         REF BY
           =====                   =======         ======
           GPIOPinWrite            0000032D        SysTick_ISR (Mouse_Drive)
                                                   __leftMotorContr (Mouse_Drive)
                                                   __rightMotorContr (Mouse_Drive)
                                                   __stepMotorIint (Mouse_Drive)
                                                   __zlg7289SPIWrite (zlg7289)
                                                   zlg7289Cmd (zlg7289)
                                                   zlg7289CmdDat (zlg7289)
                                                   zlg7289Init (zlg7289)
    -------------------------------------------------------------------------
CODE
  Relative segment, address: 00000334 - 00000351 (0x1e bytes), align: 2
  Segment part 23.
           ENTRY                   ADDRESS         REF BY
           =====                   =======         ======
           GPIOPinTypePWM          00000335        __sensorInit (Mouse_Drive)
               stack 1 = 00000000 ( 0000000C )

    -------------------------------------------------------------------------
  LIBRARY MODULE, NAME : __lib_interrupt

  SEGMENTS IN THE MODULE
  ======================
CODE
  Relative segment, address: 00000354 - 000003C7 (0x74 bytes), align: 2
  Segment part 18.
           ENTRY                   ADDRESS         REF BY
           =====                   =======         ======
           IntEnable               00000355        __stepMotorIint (Mouse_Drive)
    -------------------------------------------------------------------------
CODE
  Relative segment, address: 000003C8 - 000003CB (0x4 bytes), align: 2
  Segment part 20.            Intra module refs:   IntEnable
    -------------------------------------------------------------------------
CODE
  Relative segment, address: 000003CC - 000003CF (0x4 bytes), align: 2
  Segment part 21.            Intra module refs:   IntEnable

    -------------------------------------------------------------------------
  LIBRARY MODULE, NAME : __lib_pwm

  SEGMENTS IN THE MODULE
  ======================
CODE
  Relative segment, address: 000003D0 - 000003FB (0x2c bytes), align: 2
  Segment part 2.
           ENTRY                   ADDRESS         REF BY
           =====                   =======         ======
           PWMGenConfigure         000003D1        __sensorInit (Mouse_Drive)
    -------------------------------------------------------------------------
CODE
  Relative segment, address: 000003FC - 00000411 (0x16 bytes), align: 2
  Segment part 3.
           ENTRY                   ADDRESS         REF BY
           =====                   =======         ======
           PWMGenPeriodSet         000003FD        __irSendFreq (Mouse_Drive)
    -------------------------------------------------------------------------
CODE
  Relative segment, address: 00000414 - 0000041D (0xa bytes), align: 2
  Segment part 5.
           ENTRY                   ADDRESS         REF BY
           =====                   =======         ======
           PWMGenEnable            00000415        __irSendFreq (Mouse_Drive)
    -------------------------------------------------------------------------
CODE
  Relative segment, address: 00000420 - 00000429 (0xa bytes), align: 2
  Segment part 6.
           ENTRY                   ADDRESS         REF BY
           =====                   =======         ======
           PWMGenDisable           00000421        __irCheck (Mouse_Drive)
                                                   __sensorInit (Mouse_Drive)
    -------------------------------------------------------------------------
CODE
  Relative segment, address: 0000042C - 00000449 (0x1e bytes), align: 2
  Segment part 7.
           ENTRY                   ADDRESS         REF BY
           =====                   =======         ======
           PWMPulseWidthSet        0000042D        __irSendFreq (Mouse_Drive)
    -------------------------------------------------------------------------
CODE
  Relative segment, address: 0000044C - 0000045F (0x14 bytes), align: 2
  Segment part 13.
           ENTRY                   ADDRESS         REF BY
           =====                   =======         ======
           PWMOutputState          0000044D        __sensorInit (Mouse_Drive)

    -------------------------------------------------------------------------
  LIBRARY MODULE, NAME : __lib_sysctl

  SEGMENTS IN THE MODULE
  ======================
DATA_C
  Relative segment, address: 000028D8 - 000028E3 (0xc bytes), align: 2
  Segment part 4.             Intra module refs:   Segment part 16
           LOCAL                   ADDRESS         
           =====                   =======         
           g_pulRCGCRegs           000028D8 
    -------------------------------------------------------------------------
DATA_C
  Relative segment, address: 000028E4 - 00002923 (0x40 bytes), align: 2
  Segment part 7.             Intra module refs:   SysCtlClockGet
           LOCAL                   ADDRESS         
           =====                   =======         
           g_pulXtals              000028E4 
    -------------------------------------------------------------------------
CODE
  Relative segment, address: 00000460 - 0000048B (0x2c bytes), align: 2
  Segment part 14.
           ENTRY                   ADDRESS         REF BY
           =====                   =======         ======
           SysCtlPeripheralEnable
                                   00000461        __ADCInit (Mouse_Drive)
                                                   __sensorInit (Mouse_Drive)
                                                   __stepMotorIint (Mouse_Drive)
                                                   mouseInit (Mouse_Drive)
                                                   zlg7289Init (zlg7289)
    -------------------------------------------------------------------------
CODE
  Relative segment, address: 0000048C - 0000048F (0x4 bytes), align: 2
  Segment part 16.            Intra module refs:   SysCtlPeripheralEnable
    -------------------------------------------------------------------------
CODE
  Relative segment, address: 00000490 - 00000497 (0x8 bytes), align: 2
  Segment part 42.            Intra module refs:   SysCtlClockSet
           LOCAL                   ADDRESS         
           =====                   =======         
           SysCtlDelay             00000491 
    -------------------------------------------------------------------------
CODE
  Relative segment, address: 00000498 - 000005EB (0x154 bytes), align: 2
  Segment part 43.
           ENTRY                   ADDRESS         REF BY
           =====                   =======         ======
           SysCtlClockSet          00000499        mouseInit (Mouse_Drive)
               stack 1 = 00000000 ( 00000010 )
    -------------------------------------------------------------------------
CODE
  Relative segment, address: 000005EC - 000005EF (0x4 bytes), align: 2
  Segment part 44.            Intra module refs:   SysCtlClockSet
    -------------------------------------------------------------------------
CODE
  Relative segment, address: 000005F0 - 000005F3 (0x4 bytes), align: 2
  Segment part 45.            Intra module refs:   SysCtlClockSet
    -------------------------------------------------------------------------
CODE
  Relative segment, address: 000005F4 - 000005F7 (0x4 bytes), align: 2
  Segment part 46.            Intra module refs:   SysCtlClockSet
    -------------------------------------------------------------------------
CODE
  Relative segment, address: 000005F8 - 0000074F (0x158 bytes), align: 2
  Segment part 47.
           ENTRY                   ADDRESS         REF BY
           =====                   =======         ======
           SysCtlClockGet          000005F9        __delayNuS (zlg7289)
                                                   __irSendFreq (Mouse_Drive)
                                                   __sysTickInit (Mouse_Drive)
               stack 1 = 00000000 ( 0000000C )
    -------------------------------------------------------------------------
CODE
  Relative segment, address: 00000750 - 00000753 (0x4 bytes), align: 2
  Segment part 48.            Intra module refs:   SysCtlClockGet
                                                   SysCtlClockSet
    -------------------------------------------------------------------------
CODE
  Relative segment, address: 00000754 - 00000757 (0x4 bytes), align: 2
  Segment part 49.            Intra module refs:   SysCtlClockGet
                                                   SysCtlClockSet
    -------------------------------------------------------------------------
CODE
  Relative segment, address: 00000758 - 00000769 (0x12 bytes), align: 2
  Segment part 50.
           ENTRY                   ADDRESS         REF BY
           =====                   =======         ======
           SysCtlPWMClockSet       00000759        __sensorInit (Mouse_Drive)
    -------------------------------------------------------------------------
CODE
  Relative segment, address: 0000076C - 000007A7 (0x3c bytes), align: 2
  Segment part 52.
           ENTRY                   ADDRESS         REF BY
           =====                   =======         ======
           SysCtlADCSpeedSet       0000076D        __ADCInit (Mouse_Drive)
    -------------------------------------------------------------------------
CODE
  Relative segment, address: 000007A8 - 000007AB (0x4 bytes), align: 2
  Segment part 54.            Intra module refs:   SysCtlADCSpeedSet
    -------------------------------------------------------------------------
CODE
  Relative segment, address: 000007AC - 000007AF (0x4 bytes), align: 2
  Segment part 58.            Intra module refs:   SysCtlClockGet
                                                   SysCtlPWMClockSet

    -------------------------------------------------------------------------
  LIBRARY MODULE, NAME : __lib_systick

  SEGMENTS IN THE MODULE
  ======================
CODE
  Relative segment, address: 000007B0 - 000007BD (0xe bytes), align: 2
  Segment part 2.
           ENTRY                   ADDRESS         REF BY
           =====                   =======         ======
           SysTickEnable           000007B1        __sysTickInit (Mouse_Drive)
    -------------------------------------------------------------------------
CODE
  Relative segment, address: 000007C0 - 000007CD (0xe bytes), align: 2
  Segment part 6.
           ENTRY                   ADDRESS         REF BY
           =====                   =======         ======
           SysTickIntEnable        000007C1        __sysTickInit (Mouse_Drive)
    -------------------------------------------------------------------------
CODE
  Relative segment, address: 000007D0 - 000007D3 (0x4 bytes), align: 2
  Segment part 8.             Intra module refs:   SysTickEnable
                                                   SysTickIntEnable
    -------------------------------------------------------------------------
CODE
  Relative segment, address: 000007D4 - 000007DB (0x8 bytes), align: 2
  Segment part 9.
           ENTRY                   ADDRESS         REF BY
           =====                   =======         ======
           SysTickPeriodSet        000007D5        __sysTickInit (Mouse_Drive)
    -------------------------------------------------------------------------
CODE
  Relative segment, address: 000007DC - 000007DF (0x4 bytes), align: 2
  Segment part 11.            Intra module refs:   SysTickPeriodSet

    -------------------------------------------------------------------------
  LIBRARY MODULE, NAME : __lib_timer

  SEGMENTS IN THE MODULE
  ======================
CODE
  Relative segment, address: 000007E0 - 000007EB (0xc bytes), align: 2
  Segment part 2.
           ENTRY                   ADDRESS         REF BY
           =====                   =======         ======
           TimerEnable             000007E1        __stepMotorIint (Mouse_Drive)
    -------------------------------------------------------------------------
CODE
  Relative segment, address: 000007EC - 000007EF (0x4 bytes), align: 2
  Segment part 4.             Intra module refs:   TimerEnable
    -------------------------------------------------------------------------
CODE
  Relative segment, address: 000007F0 - 00000813 (0x24 bytes), align: 2
  Segment part 5.
           ENTRY                   ADDRESS         REF BY
           =====                   =======         ======
           TimerConfigure          000007F1        __stepMotorIint (Mouse_Drive)
    -------------------------------------------------------------------------
CODE
  Relative segment, address: 00000814 - 00000825 (0x12 bytes), align: 2
  Segment part 16.
           ENTRY                   ADDRESS         REF BY
           =====                   =======         ======
           TimerLoadSet            00000815        __speedContrL (Mouse_Drive)
                                                   __speedContrR (Mouse_Drive)
                                                   __stepMotorIint (Mouse_Drive)
    -------------------------------------------------------------------------
CODE
  Relative segment, address: 00000828 - 0000082F (0x8 bytes), align: 2
  Segment part 26.
           ENTRY                   ADDRESS         REF BY
           =====                   =======         ======
           TimerIntEnable          00000829        __stepMotorIint (Mouse_Drive)
    -------------------------------------------------------------------------
CODE
  Relative segment, address: 00000830 - 00000833 (0x4 bytes), align: 2
  Segment part 29.
           ENTRY                   ADDRESS         REF BY
           =====                   =======         ======
           TimerIntClear           00000831        Timer0A_ISR (Mouse_Drive)
                                                   Timer1A_ISR (Mouse_Drive)

    *************************************************************************

  FILE NAME : E:\电脑鼠资料\光盘内容\Demo\Maze\Maze\Debug\Obj\Mouse_Drive.r79
  PROGRAM MODULE, NAME : Mouse_Drive

  SEGMENTS IN THE MODULE
  ======================
DATA_Z
  Relative segment, address: 20000D7C - 20000D7D (0x2 bytes), align: 0
  Segment part 2.             Intra module refs:   Segment part 114
                                                   Segment part 115
                                                   Segment part 70
                                                   Segment part 71
           ENTRY                   ADDRESS         REF BY
           =====                   =======         ======
           GmcMouse                20000D7C        Segment part 30 (maze)
                                                   Segment part 31 (maze)
                                                   Segment part 33 (maze)
                                                   Segment part 34 (maze)
                                                   Segment part 41 (maze)
                                                   Segment part 42 (maze)
    -------------------------------------------------------------------------
DATA_Z
  Relative segment, address: 20000D7E - 20000D7E (0x1 bytes), align: 0
  Segment part 3.             Intra module refs:   Segment part 105
                                                   Segment part 113
           ENTRY                   ADDRESS         REF BY
           =====                   =======         ======
           GucMouseDir             20000D7E        Segment part 36 (maze)
    -------------------------------------------------------------------------
DATA_Z
  Relative segment, address: 2000010C - 2000020B (0x100 bytes), align: 2
  Segment part 4.             Intra module refs:   Segment part 119
           ENTRY                   ADDRESS         REF BY
           =====                   =======         ======
           GucMapBlock             2000010C        Segment part 20 (maze)
                                                   Segment part 23 (maze)
                                                   Segment part 35 (maze)
                                                   Segment part 40 (maze)
    -------------------------------------------------------------------------
DATA_Z
  Relative segment, address: 2000020C - 2000021B (0x10 bytes), align: 2
  Segment part 5.             Intra module refs:   Segment part 100
                                                   Segment part 28
                                                   Segment part 47
                                                   Segment part 48
                                                   Segment part 49
                                                   Segment part 54
                                                   Segment part 56
                                                   Segment part 62
                                                   Segment part 63
                                                   Segment part 68
                                                   Segment part 69
                                                   Segment part 76
                                                   Segment part 77
                                                   Segment part 92
                                                   Segment part 98
                                                   Segment part 99
           LOCAL                   ADDRESS         
           =====                   =======         
           __GmLeft                2000020C 
    -------------------------------------------------------------------------
DATA_Z
  Relative segment, address: 2000021C - 2000022B (0x10 bytes), align: 2
  Segment part 6.             Intra module refs:   Segment part 101
                                                   Segment part 26
                                                   Segment part 36
                                                   Segment part 37
                                                   Segment part 38
                                                   Segment part 39
                                                   Segment part 53
                                                   Segment part 55
                                                   Segment part 59
                                                   Segment part 60
                                                   Segment part 67
                                                   Segment part 74
                                                   Segment part 75
                                                   Segment part 80
                                                   Segment part 96
                                                   Segment part 97
           LOCAL                   ADDRESS         
           =====                   =======         
           __GmRight               2000021C 
    -------------------------------------------------------------------------
DATA_Z
  Relative segment, address: 20000D7F - 20000D7F (0x1 bytes), align: 0
  Segment part 7.             Intra module refs:   Segment part 42
                                                   Segment part 51
                                                   Segment part 65
                                                   Segment part 95
           LOCAL                   ADDRESS         
           =====                   =======         
           __GucMouseState         20000D7F 
    -------------------------------------------------------------------------
DATA_Z
  Relative segment, address: 2000022C - 2000086B (0x640 bytes), align: 2
  Segment part 8.             Intra module refs:   Segment part 126
                                                   Segment part 33
                                                   __stepMotorIint
           LOCAL                   ADDRESS         
           =====                   =======         
           __GuiAccelTable         2000022C 
    -------------------------------------------------------------------------
DATA_I
  Relative segment, address: 20000000 - 20000003 (0x4 bytes), align: 2
  Segment part 9.             Intra module refs:   Segment part 32
                                                   Segment part 52
                                                   Segment part 66
           LOCAL                   ADDRESS         
           =====                   =======         
           __GiMaxSpeed            20000000 
    -------------------------------------------------------------------------
DATA_Z
  Relative segment, address: 2000086C - 20000873 (0x8 bytes), align: 2
  Segment part 11.            Intra module refs:   Segment part 107
                                                   Segment part 108
                                                   Segment part 109
                                                   Segment part 110
                                                   Segment part 111
                                                   Segment part 43
                                                   Segment part 44
                                                   Segment part 45
                                                   Segment part 46
                                                   Segment part 57
                                                   Segment part 58
                                                   Segment part 61
                                                   Segment part 72
                                                   Segment part 73
                                                   Segment part 78
                                                   Segment part 84
                                                   Segment part 85
                                                   Segment part 88
                                                   Segment part 89
                                                   Segment part 90
           LOCAL                   ADDRESS         
           =====                   =======         
           __GucDistance           2000086C 
    -------------------------------------------------------------------------
CODE
  Relative segment, address: 00000834 - 0000083D (0xa bytes), align: 2
  Segment part 24.            Intra module refs:   keyCheck
                                                   mouseTurnback
                                                   mouseTurnleft
                                                   mouseTurnright
           LOCAL                   ADDRESS         
           =====                   =======         
           __delay                 00000835 
    -------------------------------------------------------------------------
CODE
  Relative segment, address: 00000840 - 00000903 (0xc4 bytes), align: 2
  Segment part 25.            Intra module refs:   Timer0A_ISR
           LOCAL                   ADDRESS         
           =====                   =======         
           __rightMotorContr       00000841 
               stack 1 = 00000000 ( 00000004 )
    -------------------------------------------------------------------------
CODE
  Relative segment, address: 00000904 - 00000907 (0x4 bytes), align: 2
  Segment part 26.            Intra module refs:   __rightMotorContr
    -------------------------------------------------------------------------
DATA_Z
  Relative segment, address: 20000D80 - 20000D80 (0x1 bytes), align: 0
  Segment part 12.            Intra module refs:   __rightMotorContr
           LOCAL                   ADDRESS         
           =====                   =======         
           __rightMotorContr::cStep
                                   20000D80 
    -------------------------------------------------------------------------
CODE
  Relative segment, address: 00000908 - 000009CB (0xc4 bytes), align: 2
  Segment part 27.            Intra module refs:   Timer1A_ISR
           LOCAL                   ADDRESS         
           =====                   =======         
           __leftMotorContr        00000909 
               stack 1 = 00000000 ( 00000004 )
    -------------------------------------------------------------------------
CODE
  Relative segment, address: 000009CC - 000009CF (0x4 bytes), align: 2
  Segment part 28.            Intra module refs:   __leftMotorContr
    -------------------------------------------------------------------------
CODE
  Relative segment, address: 000009D0 - 000009D3 (0x4 bytes), align: 2
  Segment part 29.            Intra module refs:   __leftMotorContr
                                                   __rightMotorContr
    -------------------------------------------------------------------------
DATA_Z
  Relative segment, address: 20000D81 - 20000D81 (0x1 bytes), align: 0
  Segment part 13.            Intra module refs:   __leftMotorContr
           LOCAL                   ADDRESS         
           =====                   =======         
           __leftMotorContr::cStep
                                   20000D81 
    -------------------------------------------------------------------------
CODE
  Relative segment, address: 000009D4 - 00000A39 (0x66 bytes), align: 2
  Segment part 30.            Intra module refs:   Timer0A_ISR
           ENTRY                   ADDRESS         REF BY
           =====                   =======         ======
           __speedContrR           000009D5 
               stack 1 = 00000000 ( 00000004 )
    -------------------------------------------------------------------------
CODE
  Relative segment, address: 00000A3C - 00000A95 (0x5a bytes), align: 2
  Segment part 31.            Intra module refs:   Timer1A_ISR
           ENTRY                   ADDRESS         REF BY
           =====                   =======         ======
           __speedContrL           00000A3D 
               stack 1 = 00000000 ( 00000004 )
    -------------------------------------------------------------------------
CODE
  Relative segment, address: 00000A98 - 00000A9B (0x4 bytes), align: 2
  Segment part 32.            Intra module refs:   __speedContrL
                                                   __speedContrR
    -------------------------------------------------------------------------
CODE
  Relative segment, address: 00000A9C - 00000A9F (0x4 bytes), align: 2
  Segment part 33.            Intra module refs:   __speedContrL
                                                   __speedContrR
    -------------------------------------------------------------------------
CODE
  Relative segment, address: 00000AA0 - 00000BB3 (0x114 bytes), align: 2
  Segment part 34.
           ENTRY                   ADDRESS         REF BY
           =====                   =======         ======
           Timer0A_ISR             00000AA1        g_pfnVectors (startup)
               stack 1 = 00000000 ( 00000004 )
    -------------------------------------------------------------------------
CODE
  Relative segment, address: 00000BB4 - 00000BB7 (0x4 bytes), align: 2
  Segment part 35.            Intra module refs:   Timer0A_ISR
                                                   __speedContrR
    -------------------------------------------------------------------------
CODE
  Relative segment, address: 00000BB8 - 00000BBB (0x4 bytes), align: 2
  Segment part 36.            Intra module refs:   Timer0A_ISR
    -------------------------------------------------------------------------
CODE
  Relative segment, address: 00000BBC - 00000BBF (0x4 bytes), align: 2
  Segment part 37.            Intra module refs:   Timer0A_ISR
                                                   __speedContrR
    -------------------------------------------------------------------------
CODE
  Relative segment, address: 00000BC0 - 00000BC3 (0x4 bytes), align: 2
  Segment part 38.            Intra module refs:   Timer0A_ISR
                                                   __speedContrR
    -------------------------------------------------------------------------
CODE
  Relative segment, address: 00000BC4 - 00000BC7 (0x4 bytes), align: 2
  Segment part 39.            Intra module refs:   Timer0A_ISR
                                                   __speedContrR
    -------------------------------------------------------------------------
DATA_Z
  Relative segment, address: 20000D82 - 20000D82 (0x1 bytes), align: 0
  Segment part 14.            Intra module refs:   Timer0A_ISR
           LOCAL                   ADDRESS         
           =====                   =======         
           Timer0A_ISR::n          20000D82 
    -------------------------------------------------------------------------
DATA_Z
  Relative segment, address: 20000D83 - 20000D83 (0x1 bytes), align: 0
  Segment part 15.            Intra module refs:   Timer0A_ISR
           LOCAL                   ADDRESS         
           =====                   =======         
           Timer0A_ISR::m          20000D83 
    -------------------------------------------------------------------------
CODE
  Relative segment, address: 00000BC8 - 00000CDB (0x114 bytes), align: 2
  Segment part 40.
           ENTRY                   ADDRESS         REF BY
           =====                   =======         ======
           Timer1A_ISR             00000BC9        g_pfnVectors (startup)
               stack 1 = 00000000 ( 00000004 )
    -------------------------------------------------------------------------
CODE
  Relative segment, address: 00000CDC - 00000CDF (0x4 bytes), align: 2
  Segment part 41.            Intra module refs:   Timer1A_ISR
                                                   __speedContrL
    -------------------------------------------------------------------------
CODE
  Relative segment, address: 00000CE0 - 00000CE3 (0x4 bytes), align: 2
  Segment part 42.            Intra module refs:   Timer0A_ISR
                                                   Timer1A_ISR
    -------------------------------------------------------------------------
CODE
  Relative segment, address: 00000CE4 - 00000CE7 (0x4 bytes), align: 2
  Segment part 43.            Intra module refs:   Timer0A_ISR
                                                   Timer1A_ISR
    -------------------------------------------------------------------------
CODE
  Relative segment, address: 00000CE8 - 00000CEB (0x4 bytes), align: 2
  Segment part 44.            Intra module refs:   Timer0A_ISR
                                                   Timer1A_ISR
    -------------------------------------------------------------------------
CODE
  Relative segment, address: 00000CEC - 00000CEF (0x4 bytes), align: 2
  Segment part 45.            Intra module refs:   Timer0A_ISR
                                                   Timer1A_ISR
    -------------------------------------------------------------------------
CODE
  Relative segment, address: 00000CF0 - 00000CF3 (0x4 bytes), align: 2
  Segment part 46.            Intra module refs:   Timer0A_ISR
                                                   Timer1A_ISR
    -------------------------------------------------------------------------
CODE
  Relative segment, address: 00000CF4 - 00000CF7 (0x4 bytes), align: 2
  Segment part 47.            Intra module refs:   Timer1A_ISR
                                                   __speedContrL
    -------------------------------------------------------------------------
CODE
  Relative segment, address: 00000CF8 - 00000CFB (0x4 bytes), align: 2
  Segment part 48.            Intra module refs:   Timer1A_ISR
                                                   __speedContrL
    -------------------------------------------------------------------------
CODE
  Relative segment, address: 00000CFC - 00000CFF (0x4 bytes), align: 2
  Segment part 49.            Intra module refs:   Timer1A_ISR
                                                   __speedContrL
    -------------------------------------------------------------------------
DATA_Z
  Relative segment, address: 20000D84 - 20000D84 (0x1 bytes), align: 0
  Segment part 16.            Intra module refs:   Timer1A_ISR
           LOCAL                   ADDRESS         
           =====                   =======         
           Timer1A_ISR::n          20000D84 
    -------------------------------------------------------------------------
DATA_Z
  Relative segment, address: 20000D85 - 20000D85 (0x1 bytes), align: 0
  Segment part 17.            Intra module refs:   Timer1A_ISR
           LOCAL                   ADDRESS         
           =====                   =======         
           Timer1A_ISR::m          20000D85 
    -------------------------------------------------------------------------
CODE
  Relative segment, address: 00000D00 - 00000E77 (0x178 bytes), align: 2
  Segment part 50.
           ENTRY                   ADDRESS         REF BY
           =====                   =======         ======
           mouseGoahead            00000D01        objectGoTo (maze)
               stack 1 = 00000000 ( 00000014 )
    -------------------------------------------------------------------------
CODE
  Relative segment, address: 00000E78 - 00000E7B (0x4 bytes), align: 2
  Segment part 51.            Intra module refs:   mouseGoahead
    -------------------------------------------------------------------------
CODE
  Relative segment, address: 00000E7C - 00000E7F (0x4 bytes), align: 2
  Segment part 52.            Intra module refs:   mouseGoahead
    -------------------------------------------------------------------------
CODE
  Relative segment, address: 00000E80 - 00000E83 (0x4 bytes), align: 2
  Segment part 53.            Intra module refs:   mouseGoahead
    -------------------------------------------------------------------------
CODE
  Relative segment, address: 00000E84 - 00000E87 (0x4 bytes), align: 2
  Segment part 54.            Intra module refs:   mouseGoahead
    -------------------------------------------------------------------------
CODE
  Relative segment, address: 00000E88 - 00000E8B (0x4 bytes), align: 2
  Segment part 55.            Intra module refs:   mouseGoahead
    -------------------------------------------------------------------------
CODE
  Relative segment, address: 00000E8C - 00000E8F (0x4 bytes), align: 2
  Segment part 56.            Intra module refs:   Timer1A_ISR
                                                   mouseGoahead
    -------------------------------------------------------------------------
CODE
  Relative segment, address: 00000E90 - 00000E93 (0x4 bytes), align: 2
  Segment part 57.            Intra module refs:   mouseGoahead
    -------------------------------------------------------------------------
CODE
  Relative segment, address: 00000E94 - 00000E97 (0x4 bytes), align: 2
  Segment part 58.            Intra module refs:   mouseGoahead
    -------------------------------------------------------------------------
CODE
  Relative segment, address: 00000E98 - 00000E9B (0x4 bytes), align: 2
  Segment part 59.            Intra module refs:   mouseGoahead
    -------------------------------------------------------------------------
CODE
  Relative segment, address: 00000E9C - 00000E9F (0x4 bytes), align: 2
  Segment part 60.            Intra module refs:   mouseGoahead
    -------------------------------------------------------------------------
CODE
  Relative segment, address: 00000EA0 - 00000EA3 (0x4 bytes), align: 2
  Segment part 61.            Intra module refs:   mouseGoahead
    -------------------------------------------------------------------------
CODE
  Relative segment, address: 00000EA4 - 00000EA7 (0x4 bytes), align: 2
  Segment part 62.            Intra module refs:   mouseGoahead
    -------------------------------------------------------------------------
CODE
  Relative segment, address: 00000EA8 - 00000EAB (0x4 bytes), align: 2
  Segment part 63.            Intra module refs:   mouseGoahead
    -------------------------------------------------------------------------
CODE
  Relative segment, address: 00000EAC - 000010FB (0x250 bytes), align: 2
  Segment part 64.
           ENTRY                   ADDRESS         REF BY
           =====                   =======         ======
           mazeSearch              00000EAD        main (maze)
               stack 1 = 00000000 ( 00000014 )
    -------------------------------------------------------------------------
CODE
  Relative segment, address: 000010FC - 000010FF (0x4 bytes), align: 2
  Segment part 65.            Intra module refs:   mazeSearch
    -------------------------------------------------------------------------
CODE
  Relative segment, address: 00001100 - 00001103 (0x4 bytes), align: 2
  Segment part 66.            Intra module refs:   mazeSearch
    -------------------------------------------------------------------------
CODE
  Relative segment, address: 00001104 - 00001107 (0x4 bytes), align: 2
  Segment part 67.            Intra module refs:   mazeSearch
    -------------------------------------------------------------------------
CODE
  Relative segment, address: 00001108 - 0000110B (0x4 bytes), align: 2
  Segment part 68.            Intra module refs:   mazeSearch
    -------------------------------------------------------------------------
CODE
  Relative segment, address: 0000110C - 0000110F (0x4 bytes), align: 2
  Segment part 69.            Intra module refs:   mazeSearch
    -------------------------------------------------------------------------
CODE
  Relative segment, address: 00001110 - 00001113 (0x4 bytes), align: 2
  Segment part 70.            Intra module refs:   mazeSearch
    -------------------------------------------------------------------------
CODE
  Relative segment, address: 00001114 - 00001117 (0x4 bytes), align: 2
  Segment part 71.            Intra module refs:   mazeSearch
    -------------------------------------------------------------------------
CODE
  Relative segment, address: 00001118 - 0000111B (0x4 bytes), align: 2
  Segment part 72.            Intra module refs:   mazeSearch
    -------------------------------------------------------------------------
CODE
  Relative segment, address: 0000111C - 0000111F (0x4 bytes), align: 2
  Segment part 73.            Intra module refs:   mazeSearch
    -------------------------------------------------------------------------
CODE
  Relative segment, address: 00001120 - 00001123 (0x4 bytes), align: 2
  Segment part 74.            Intra module refs:   mazeSearch
    -------------------------------------------------------------------------
CODE
  Relative segment, address: 00001124 - 00001127 (0x4 bytes), align: 2
  Segment part 75.            Intra module refs:   mazeSearch
    -------------------------------------------------------------------------
CODE
  Relative segment, address: 00001128 - 0000112B (0x4 bytes), align: 2
  Segment part 76.            Intra module refs:   mazeSearch
    -------------------------------------------------------------------------
CODE
  Relative segment, address: 0000112C - 0000112F (0x4 bytes), align: 2
  Segment part 77.            Intra module refs:   mazeSearch
    -------------------------------------------------------------------------
CODE
  Relative segment, address: 00001130 - 00001133 (0x4 bytes), align: 2
  Segment part 78.            Intra module refs:   mazeSearch
    -------------------------------------------------------------------------
DATA_I
  Relative segment, address: 20000104 - 20000104 (0x1 bytes), align: 0
  Segment part 18.            Intra module refs:   mazeSearch
           LOCAL                   ADDRESS         
           =====                   =======         
           mazeSearch::first       20000104 
    -------------------------------------------------------------------------
CODE
  Relative segment, address: 00001134 - 000011A3 (0x70 bytes), align: 2
  Segment part 79.
           ENTRY                   ADDRESS         REF BY
           =====                   =======         ======
           SysTick_ISR             00001135        g_pfnVectors (startup)
               stack 1 = 00000000 ( 00000004 )
    -------------------------------------------------------------------------
CODE
  Relative segment, address: 000011A4 - 000011A7 (0x4 bytes), align: 2
  Segment part 80.            Intra module refs:   SysTick_ISR
                                                   mazeSearch
    -------------------------------------------------------------------------
CODE
  Relative segment, address: 000011A8 - 000011AB (0x4 bytes), align: 2
  Segment part 81.            Intra module refs:   SysTick_ISR
    -------------------------------------------------------------------------
DATA_Z
  Relative segment, address: 20000874 - 20000877 (0x4 bytes), align: 2
  Segment part 20.            Intra module refs:   SysTick_ISR
           LOCAL                   ADDRESS         
           =====                   =======         
           SysTick_ISR::iL         20000874 
    -------------------------------------------------------------------------
DATA_Z
  Relative segment, address: 20000878 - 2000087B (0x4 bytes), align: 2
  Segment part 21.            Intra module refs:   SysTick_ISR
           LOCAL                   ADDRESS         
           =====                   =======         
           SysTick_ISR::iR         20000878 
    -------------------------------------------------------------------------
CODE
  Relative segment, address: 000011AC - 00001203 (0x58 bytes), align: 2
  Segment part 82.            Intra module refs:   __irCheck
           LOCAL                   ADDRESS         
           =====                   =======         
           __irSendFreq            000011AD 
               stack 1 = 00000000 ( 0000000C )
    -------------------------------------------------------------------------
CODE
  Relative segment, address: 00001204 - 00001393 (0x190 bytes), align: 2
  Segment part 83.            Intra module refs:   SysTick_ISR
           LOCAL                   ADDRESS         
           =====                   =======         
           __irCheck               00001205 
               stack 1 = 00000000 ( 00000004 )
    -------------------------------------------------------------------------
CODE
  Relative segment, address: 00001394 - 00001397 (0x4 bytes), align: 2
  Segment part 84.            Intra module refs:   __irCheck
    -------------------------------------------------------------------------
CODE
  Relative segment, address: 00001398 - 0000139B (0x4 bytes), align: 2
  Segment part 85.            Intra module refs:   __irCheck
    -------------------------------------------------------------------------
CODE
  Relative segment, address: 0000139C - 0000139F (0x4 bytes), align: 2
  Segment part 86.            Intra module refs:   __irCheck
    -------------------------------------------------------------------------
CODE
  Relative segment, address: 000013A0 - 000013A3 (0x4 bytes), align: 2
  Segment part 87.            Intra module refs:   __irCheck
                                                   __irSendFreq
    -------------------------------------------------------------------------
CODE
  Relative segment, address: 000013A4 - 000013A7 (0x4 bytes), align: 2
  Segment part 88.            Intra module refs:   __irCheck
    -------------------------------------------------------------------------
CODE
  Relative segment, address: 000013A8 - 000013AB (0x4 bytes), align: 2
  Segment part 89.            Intra module refs:   __irCheck
    -------------------------------------------------------------------------
CODE
  Relative segment, address: 000013AC - 000013AF (0x4 bytes), align: 2
  Segment part 90.            Intra module refs:   __irCheck
    -------------------------------------------------------------------------
DATA_Z
  Relative segment, address: 20000D86 - 20000D86 (0x1 bytes), align: 0
  Segment part 22.            Intra module refs:   __irCheck
           LOCAL                   ADDRESS         
           =====                   =======         
           __irCheck::ucState      20000D86 
    -------------------------------------------------------------------------
DATA_Z
  Relative segment, address: 20000D87 - 20000D87 (0x1 bytes), align: 0
  Segment part 23.            Intra module refs:   __irCheck
           LOCAL                   ADDRESS         
           =====                   =======         
           __irCheck::ucIRCheck    20000D87 
    -------------------------------------------------------------------------
CODE
  Relative segment, address: 000013B0 - 0000141F (0x70 bytes), align: 2
  Segment part 91.
           ENTRY                   ADDRESS         REF BY
           =====                   =======         ======
           mouseTurnright          000013B1        objectGoTo (maze)
                                                   rightMethod (maze)
               stack 1 = 00000000 ( 00000004 )
    -------------------------------------------------------------------------
CODE
  Relative segment, address: 00001420 - 00001423 (0x4 bytes), align: 2
  Segment part 92.            Intra module refs:   SysTick_ISR
                                                   mouseTurnright
    -------------------------------------------------------------------------
CODE
  Relative segment, address: 00001424 - 00001493 (0x70 bytes), align: 2
  Segment part 93.
           ENTRY                   ADDRESS         REF BY
           =====                   =======         ======
           mouseTurnleft           00001425        objectGoTo (maze)
                                                   rightMethod (maze)
               stack 1 = 00000000 ( 00000004 )
    -------------------------------------------------------------------------
CODE
  Relative segment, address: 00001494 - 00001503 (0x70 bytes), align: 2
  Segment part 94.
           ENTRY                   ADDRESS         REF BY
           =====                   =======         ======
           mouseTurnback           00001495        main (maze)
                                                   objectGoTo (maze)
               stack 1 = 00000000 ( 00000004 )
    -------------------------------------------------------------------------
CODE
  Relative segment, address: 00001504 - 00001507 (0x4 bytes), align: 2
  Segment part 95.            Intra module refs:   mouseTurnback
                                                   mouseTurnleft
                                                   mouseTurnright
    -------------------------------------------------------------------------
CODE
  Relative segment, address: 00001508 - 0000150B (0x4 bytes), align: 2
  Segment part 96.            Intra module refs:   mouseTurnback
                                                   mouseTurnleft
                                                   mouseTurnright
    -------------------------------------------------------------------------
CODE
  Relative segment, address: 0000150C - 0000150F (0x4 bytes), align: 2
  Segment part 97.            Intra module refs:   mouseTurnback
                                                   mouseTurnleft
                                                   mouseTurnright
    -------------------------------------------------------------------------
CODE
  Relative segment, address: 00001510 - 00001513 (0x4 bytes), align: 2
  Segment part 98.            Intra module refs:   mouseTurnback
                                                   mouseTurnleft
                                                   mouseTurnright
    -------------------------------------------------------------------------
CODE
  Relative segment, address: 00001514 - 00001517 (0x4 bytes), align: 2
  Segment part 99.            Intra module refs:   mouseTurnback
                                                   mouseTurnleft
                                                   mouseTurnright
    -------------------------------------------------------------------------
CODE
  Relative segment, address: 00001518 - 0000151B (0x4 bytes), align: 2
  Segment part 100.           Intra module refs:   mouseTurnback
                                                   mouseTurnleft
    -------------------------------------------------------------------------
CODE
  Relative segment, address: 0000151C - 0000151F (0x4 bytes), align: 2
  Segment part 101.           Intra module refs:   mouseTurnback
                                                   mouseTurnleft
                                                   mouseTurnright
    -------------------------------------------------------------------------
CODE
  Relative segment, address: 00001520 - 00001523 (0x4 bytes), align: 2
  Segment part 102.           Intra module refs:   mouseTurnback
                                                   mouseTurnleft
                                                   mouseTurnright
    -------------------------------------------------------------------------
CODE
  Relative segment, address: 00001524 - 0000157B (0x58 bytes), align: 2
  Segment part 103.           Intra module refs:   mazeSearch
                                                   mouseGoahead
           LOCAL                   ADDRESS         
           =====                   =======         
           __mouseCoorUpdate       00001525 
               stack 1 = 00000000 ( 00000004 )
    -------------------------------------------------------------------------
CODE
  Relative segment, address: 0000157C - 00001699 (0x11e bytes), align: 2
  Segment part 104.           Intra module refs:   __mouseCoorUpdate
           LOCAL                   ADDRESS         
           =====                   =======         
           __wallCheck             0000157D 
               stack 1 = 00000000 ( 00000008 )
    -------------------------------------------------------------------------
CODE
  Relative segment, address: 0000169C - 0000169F (0x4 bytes), align: 2
  Segment part 105.           Intra module refs:   __mouseCoorUpdate
                                                   __wallCheck
                                                   mouseTurnback
                                                   mouseTurnleft
                                                   mouseTurnright
    -------------------------------------------------------------------------
CODE
  Relative segment, address: 000016A0 - 000016FD (0x5e bytes), align: 2
  Segment part 106.
           ENTRY                   ADDRESS         REF BY
           =====                   =======         ======
           sensorDebug             000016A1        main (maze)
               stack 1 = 00000000 ( 00000004 )
    -------------------------------------------------------------------------
CODE
  Relative segment, address: 00001700 - 00001703 (0x4 bytes), align: 2
  Segment part 107.           Intra module refs:   __wallCheck
                                                   sensorDebug
    -------------------------------------------------------------------------
CODE
  Relative segment, address: 00001704 - 00001707 (0x4 bytes), align: 2
  Segment part 108.           Intra module refs:   sensorDebug
    -------------------------------------------------------------------------
CODE
  Relative segment, address: 00001708 - 0000170B (0x4 bytes), align: 2
  Segment part 109.           Intra module refs:   __wallCheck
                                                   sensorDebug
    -------------------------------------------------------------------------
CODE
  Relative segment, address: 0000170C - 0000170F (0x4 bytes), align: 2
  Segment part 110.           Intra module refs:   sensorDebug
    -------------------------------------------------------------------------
CODE
  Relative segment, address: 00001710 - 00001713 (0x4 bytes), align: 2
  Segment part 111.           Intra module refs:   __wallCheck
                                                   sensorDebug
    -------------------------------------------------------------------------
CODE
  Relative segment, address: 00001714 - 000017DD (0xca bytes), align: 2
  Segment part 112.           Intra module refs:   __mouseCoorUpdate
                                                   mouseTurnback
                                                   mouseTurnleft
                                                   mouseTurnright
           LOCAL                   ADDRESS         
           =====                   =======         
           __mazeInfDebug          00001715 
               stack 1 = 00000000 ( 00000004 )
    -------------------------------------------------------------------------
CODE
  Relative segment, address: 000017E0 - 000017E3 (0x4 bytes), align: 2
  Segment part 113.           Intra module refs:   __mazeInfDebug
    -------------------------------------------------------------------------
CODE
  Relative segment, address: 000017E4 - 000017E7 (0x4 bytes), align: 2
  Segment part 114.           Intra module refs:   __mazeInfDebug
                                                   __mouseCoorUpdate
                                                   __wallCheck
    -------------------------------------------------------------------------
CODE
  Relative segment, address: 000017E8 - 000017EB (0x4 bytes), align: 2
  Segment part 115.           Intra module refs:   __mazeInfDebug
                                                   __mouseCoorUpdate
                                                   __wallCheck
    -------------------------------------------------------------------------
CODE
  Relative segment, address: 000017EC - 00001813 (0x28 bytes), align: 2
  Segment part 116.
           ENTRY                   ADDRESS         REF BY
           =====                   =======         ======
           keyCheck                000017ED        main (maze)
               stack 1 = 00000000 ( 00000004 )
    -------------------------------------------------------------------------
CODE
  Relative segment, address: 00001814 - 000018A7 (0x94 bytes), align: 2
  Segment part 117.
           ENTRY                   ADDRESS         REF BY
           =====                   =======         ======
           voltageDetect           00001815        main (maze)
               stack 1 = 00000000 ( 00000008 )
    -------------------------------------------------------------------------
CODE
  Relative segment, address: 000018A8 - 000018F7 (0x50 bytes), align: 2
  Segment part 118.
           ENTRY                   ADDRESS         REF BY
           =====                   =======         ======
           mouseInit               000018A9        main (maze)
               stack 1 = 00000000 ( 00000004 )
    -------------------------------------------------------------------------
CODE
  Relative segment, address: 000018F8 - 000018FB (0x4 bytes), align: 2
  Segment part 119.           Intra module refs:   __wallCheck
                                                   mouseInit
    -------------------------------------------------------------------------
CODE
  Relative segment, address: 000018FC - 00001963 (0x68 bytes), align: 2
  Segment part 120.           Intra module refs:   mouseInit
           LOCAL                   ADDRESS         
           =====                   =======         
           __sensorInit            000018FD 
               stack 1 = 00000000 ( 00000004 )
    -------------------------------------------------------------------------
CODE
  Relative segment, address: 00001964 - 00001967 (0x4 bytes), align: 2
  Segment part 121.           Intra module refs:   __sensorInit
    -------------------------------------------------------------------------
CODE
  Relative segment, address: 00001968 - 0000196B (0x4 bytes), align: 2
  Segment part 122.           Intra module refs:   __sensorInit
    -------------------------------------------------------------------------
CODE
  Relative segment, address: 0000196C - 00001A63 (0xf8 bytes), align: 2
  Segment part 123.           Intra module refs:   mouseInit
           LOCAL                   ADDRESS         
           =====                   =======         
           __stepMotorIint         0000196D 
               stack 1 = 00000000 ( 0000000C )
    -------------------------------------------------------------------------
CODE
  Relative segment, address: 00001A64 - 00001A67 (0x4 bytes), align: 2
  Segment part 124.           Intra module refs:   __stepMotorIint
    -------------------------------------------------------------------------
CODE
  Relative segment, address: 00001A68 - 00001A6B (0x4 bytes), align: 2
  Segment part 125.           Intra module refs:   __stepMotorIint
    -------------------------------------------------------------------------
CODE
  Relative segment, address: 00001A6C - 00001A6F (0x4 bytes), align: 2
  Segment part 126.           Intra module refs:   __stepMotorIint
    -------------------------------------------------------------------------
CODE
  Relative segment, address: 00001A70 - 00001A73 (0x4 bytes), align: 2
  Segment part 127.           Intra module refs:   __stepMotorIint
    -------------------------------------------------------------------------
CODE
  Relative segment, address: 00001A74 - 00001A81 (0xe bytes), align: 2
  Segment part 128.           Intra module refs:   mouseInit
           LOCAL                   ADDRESS         
           =====                   =======         
           __keyInit               00001A75 
               stack 1 = 00000000 ( 00000004 )
    -------------------------------------------------------------------------
CODE
  Relative segment, address: 00001A84 - 00001A87 (0x4 bytes), align: 2
  Segment part 129.           Intra module refs:   __keyInit
                                                   keyCheck
    -------------------------------------------------------------------------
CODE
  Relative segment, address: 00001A88 - 00001AA3 (0x1c bytes), align: 2
  Segment part 130.           Intra module refs:   mouseInit
           LOCAL                   ADDRESS         
           =====                   =======         
           __sysTickInit           00001A89 
               stack 1 = 00000000 ( 00000004 )
    -------------------------------------------------------------------------
CODE
  Relative segment, address: 00001AA4 - 00001ADF (0x3c bytes), align: 2
  Segment part 131.           Intra module refs:   mouseInit
           LOCAL                   ADDRESS         
           =====                   =======         
           __ADCInit               00001AA5 
               stack 1 = 00000000 ( 00000004 )
    -------------------------------------------------------------------------
CODE
  Relative segment, address: 00001AE0 - 00001AE3 (0x4 bytes), align: 2
  Segment part 132.           Intra module refs:   __ADCInit
                                                   voltageDetect
    -------------------------------------------------------------------------
DATA_ID
  Relative segment, address: 000027CC - 000027CF (0x4 bytes), align: 2
  Segment part 10.            Intra module refs:   __GiMaxSpeed
    -------------------------------------------------------------------------
DATA_ID
  Relative segment, address: 000028D0 - 000028D0 (0x1 bytes), align: 0
  Segment part 19.            Intra module refs:   mazeSearch::first
    -------------------------------------------------------------------------
INITTAB
  Relative segment, address: 000027B4 - 000027BF (0xc bytes), align: 2
  Segment part 170. ROOT.
           ENTRY                   ADDRESS         REF BY
           =====                   =======         ======
           ?init?tab?DATA_I        000027B4 
    -------------------------------------------------------------------------
INITTAB
  Relative segment, address: 000027C0 - 000027CB (0xc bytes), align: 2
  Segment part 171. ROOT.
           ENTRY                   ADDRESS         REF BY
           =====                   =======         ======
           ?init?tab?DATA_Z        000027C0 

    *************************************************************************

  FILE NAME : E:\电脑鼠资料\光盘内容\Demo\Maze\Maze\Debug\Obj\maze.r79
  PROGRAM MODULE, NAME : maze

  SEGMENTS IN THE MODULE
  ======================
DATA_Z
  Relative segment, address: 20000D88 - 20000D88 (0x1 bytes), align: 0
  Segment part 2.             Intra module refs:   Segment part 25
                                                   Segment part 44
           LOCAL                   ADDRESS         
           =====                   =======         
           GucXStart               20000D88 
    -------------------------------------------------------------------------
DATA_Z
  Relative segment, address: 20000D89 - 20000D89 (0x1 bytes), align: 0
  Segment part 3.             Intra module refs:   Segment part 24
                                                   Segment part 43
           LOCAL                   ADDRESS         
           =====                   =======         
           GucYStart               20000D89 
    -------------------------------------------------------------------------
DATA_I
  Relative segment, address: 20000105 - 20000105 (0x1 bytes), align: 0
  Segment part 4.             Intra module refs:   mouseSpurt
           LOCAL                   ADDRESS         
           =====                   =======         
           GucXGoal0               20000105 
    -------------------------------------------------------------------------
DATA_I
  Relative segment, address: 20000106 - 20000106 (0x1 bytes), align: 0
  Segment part 6.             Intra module refs:   mouseSpurt
           LOCAL                   ADDRESS         
           =====                   =======         
           GucXGoal1               20000106 
    -------------------------------------------------------------------------
DATA_I
  Relative segment, address: 20000107 - 20000107 (0x1 bytes), align: 0
  Segment part 8.             Intra module refs:   mouseSpurt
           LOCAL                   ADDRESS         
           =====                   =======         
           GucYGoal0               20000107 
    -------------------------------------------------------------------------
DATA_I
  Relative segment, address: 20000108 - 20000108 (0x1 bytes), align: 0
  Segment part 10.            Intra module refs:   mouseSpurt
           LOCAL                   ADDRESS         
           =====                   =======         
           GucYGoal1               20000108 
    -------------------------------------------------------------------------
DATA_Z
  Relative segment, address: 20000D8A - 20000D8A (0x1 bytes), align: 0
  Segment part 12.            Intra module refs:   main
           LOCAL                   ADDRESS         
           =====                   =======         
           GucMouseTask            20000D8A 
    -------------------------------------------------------------------------
DATA_I
  Relative segment, address: 20000004 - 20000103 (0x100 bytes), align: 2
  Segment part 13.            Intra module refs:   Segment part 21
                                                   Segment part 26
                                                   Segment part 28
           LOCAL                   ADDRESS         
           =====                   =======         
           GucMapStep              20000004 
    -------------------------------------------------------------------------
DATA_Z
  Relative segment, address: 2000087C - 20000A7B (0x200 bytes), align: 2
  Segment part 15.            Intra module refs:   mapStepEdit
           LOCAL                   ADDRESS         
           =====                   =======         
           GmcStack                2000087C 
    -------------------------------------------------------------------------
DATA_Z
  Relative segment, address: 20000A7C - 20000C7B (0x200 bytes), align: 2
  Segment part 16.            Intra module refs:   main
           ENTRY                   ADDRESS         REF BY
           =====                   =======         ======
           GmcCrossway             20000A7C        mazeSearch (Mouse_Drive)
    -------------------------------------------------------------------------
CODE
  Relative segment, address: 00001AE4 - 00001AED (0xa bytes), align: 2
  Segment part 18.            Intra module refs:   main
           ENTRY                   ADDRESS         REF BY
           =====                   =======         ======
           delay                   00001AE5 
    -------------------------------------------------------------------------
CODE
  Relative segment, address: 00001AF0 - 00001D7F (0x290 bytes), align: 2
  Segment part 19.            Intra module refs:   mouseSpurt
                                                   objectGoTo
           LOCAL                   ADDRESS         
           =====                   =======         
           mapStepEdit             00001AF1 
               stack 1 = 00000000 ( 00000010 )
    -------------------------------------------------------------------------
CODE
  Relative segment, address: 00001D80 - 00001D83 (0x4 bytes), align: 2
  Segment part 20.            Intra module refs:   mapStepEdit
    -------------------------------------------------------------------------
CODE
  Relative segment, address: 00001D84 - 00001D87 (0x4 bytes), align: 2
  Segment part 21.            Intra module refs:   mapStepEdit
    -------------------------------------------------------------------------
CODE
  Relative segment, address: 00001D88 - 00001F1F (0x198 bytes), align: 2
  Segment part 22.            Intra module refs:   main
           LOCAL                   ADDRESS         
           =====                   =======         
           mouseSpurt              00001D89 
               stack 1 = 00000000 ( 00000010 )
    -------------------------------------------------------------------------
CODE
  Relative segment, address: 00001F20 - 00001F23 (0x4 bytes), align: 2
  Segment part 23.            Intra module refs:   mouseSpurt
    -------------------------------------------------------------------------
CODE
  Relative segment, address: 00001F24 - 00001F27 (0x4 bytes), align: 2
  Segment part 24.            Intra module refs:   mouseSpurt
    -------------------------------------------------------------------------
CODE
  Relative segment, address: 00001F28 - 00001F2B (0x4 bytes), align: 2
  Segment part 25.            Intra module refs:   mouseSpurt
    -------------------------------------------------------------------------
CODE
  Relative segment, address: 00001F2C - 00001F2F (0x4 bytes), align: 2
  Segment part 26.            Intra module refs:   mouseSpurt
    -------------------------------------------------------------------------
CODE
  Relative segment, address: 00001F30 - 0000212B (0x1fc bytes), align: 2
  Segment part 27.            Intra module refs:   main
                                                   mouseSpurt
           LOCAL                   ADDRESS         
           =====                   =======         
           objectGoTo              00001F31 
               stack 1 = 00000000 ( 00000020 )
    -------------------------------------------------------------------------
CODE
  Relative segment, address: 0000212C - 0000212F (0x4 bytes), align: 2
  Segment part 28.            Intra module refs:   objectGoTo
    -------------------------------------------------------------------------
CODE
  Relative segment, address: 00002130 - 000021D1 (0xa2 bytes), align: 2
  Segment part 29.            Intra module refs:   rightMethod
           LOCAL                   ADDRESS         
           =====                   =======         
           mazeBlockDataGet        00002131 
               stack 1 = 00000000 ( 00000008 )
    -------------------------------------------------------------------------
CODE
  Relative segment, address: 000021D4 - 000021D7 (0x4 bytes), align: 2
  Segment part 30.            Intra module refs:   mazeBlockDataGet
                                                   objectGoTo
    -------------------------------------------------------------------------
CODE
  Relative segment, address: 000021D8 - 000021DB (0x4 bytes), align: 2
  Segment part 31.            Intra module refs:   mazeBlockDataGet
                                                   objectGoTo
    -------------------------------------------------------------------------
CODE
  Relative segment, address: 000021DC - 0000227D (0xa2 bytes), align: 2
  Segment part 32.            Intra module refs:   crosswayChoice
           LOCAL                   ADDRESS         
           =====                   =======         
           rightMethod             000021DD 
               stack 1 = 00000000 ( 00000004 )
    -------------------------------------------------------------------------
CODE
  Relative segment, address: 00002280 - 00002283 (0x4 bytes), align: 2
  Segment part 33.            Intra module refs:   rightMethod
    -------------------------------------------------------------------------
CODE
  Relative segment, address: 00002284 - 00002287 (0x4 bytes), align: 2
  Segment part 34.            Intra module refs:   rightMethod
    -------------------------------------------------------------------------
CODE
  Relative segment, address: 00002288 - 0000228B (0x4 bytes), align: 2
  Segment part 35.            Intra module refs:   mazeBlockDataGet
                                                   objectGoTo
                                                   rightMethod
    -------------------------------------------------------------------------
CODE
  Relative segment, address: 0000228C - 0000228F (0x4 bytes), align: 2
  Segment part 36.            Intra module refs:   mazeBlockDataGet
                                                   objectGoTo
                                                   rightMethod
    -------------------------------------------------------------------------
CODE
  Relative segment, address: 00002290 - 00002359 (0xca bytes), align: 2
  Segment part 37.            Intra module refs:   main
           ENTRY                   ADDRESS         REF BY
           =====                   =======         ======
           crosswayCheck           00002291        mazeSearch (Mouse_Drive)
               stack 1 = 00000000 ( 00000004 )
    -------------------------------------------------------------------------
CODE
  Relative segment, address: 0000235C - 00002363 (0x8 bytes), align: 2
  Segment part 38.            Intra module refs:   main
           ENTRY                   ADDRESS         REF BY
           =====                   =======         ======
           crosswayChoice          0000235D 
               stack 1 = 00000000 ( 00000004 )
    -------------------------------------------------------------------------
DATA_Z
  Relative segment, address: 20000D8B - 20000D8B (0x1 bytes), align: 0
  Segment part 17.            Intra module refs:   main
           ENTRY                   ADDRESS         REF BY
           =====                   =======         ======
           gcn                     20000D8B        mazeSearch (Mouse_Drive)
    -------------------------------------------------------------------------
CODE
  Relative segment, address: 00002364 - 000025AF (0x24c bytes), align: 2
  Segment part 39.
           ENTRY                   ADDRESS         REF BY
           =====                   =======         ======
           main                    00002365        ResetISR (startup)
               stack 1 = 00000000 ( 0000000C )
    -------------------------------------------------------------------------
CODE
  Relative segment, address: 000025B0 - 000025B3 (0x4 bytes), align: 2
  Segment part 40.            Intra module refs:   crosswayCheck
                                                   main
    -------------------------------------------------------------------------
CODE
  Relative segment, address: 000025B4 - 000025B7 (0x4 bytes), align: 2
  Segment part 41.            Intra module refs:   main
    -------------------------------------------------------------------------
CODE
  Relative segment, address: 000025B8 - 000025BB (0x4 bytes), align: 2
  Segment part 42.            Intra module refs:   main
    -------------------------------------------------------------------------
CODE
  Relative segment, address: 000025BC - 000025BF (0x4 bytes), align: 2
  Segment part 43.            Intra module refs:   main
    -------------------------------------------------------------------------
CODE
  Relative segment, address: 000025C0 - 000025C3 (0x4 bytes), align: 2
  Segment part 44.            Intra module refs:   main
    -------------------------------------------------------------------------
DATA_ID
  Relative segment, address: 000028D1 - 000028D1 (0x1 bytes), align: 0
  Segment part 5.             Intra module refs:   GucXGoal0
    -------------------------------------------------------------------------
DATA_ID
  Relative segment, address: 000028D2 - 000028D2 (0x1 bytes), align: 0
  Segment part 7.             Intra module refs:   GucXGoal1
    -------------------------------------------------------------------------
DATA_ID
  Relative segment, address: 000028D3 - 000028D3 (0x1 bytes), align: 0
  Segment part 9.             Intra module refs:   GucYGoal0
    -------------------------------------------------------------------------
DATA_ID
  Relative segment, address: 000028D4 - 000028D4 (0x1 bytes), align: 0
  Segment part 11.            Intra module refs:   GucYGoal1
    -------------------------------------------------------------------------
DATA_ID
  Relative segment, address: 000027D0 - 000028CF (0x100 bytes), align: 2
  Segment part 14.            Intra module refs:   GucMapStep

    *************************************************************************

  FILE NAME : E:\电脑鼠资料\光盘内容\Demo\Maze\Maze\Debug\Obj\startup.r79
  PROGRAM MODULE, NAME : startup

  SEGMENTS IN THE MODULE
  ======================
DATA_Z
  Relative segment, address: 20000C7C - 20000D7B (0x100 bytes), align: 2
  Segment part 2.             Intra module refs:   g_pfnVectors
           LOCAL                   ADDRESS         
           =====                   =======         
           pulStack                20000C7C 
    -------------------------------------------------------------------------
INTVEC
  Relative segment, address: 00000000 - 000000EF (0xf0 bytes), align: 2
  Segment part 3. ROOT.
           ENTRY                   ADDRESS         REF BY
           =====                   =======         ======
           g_pfnVectors            00000000 
    -------------------------------------------------------------------------
CODE
  Relative segment, address: 000025C4 - 00002603 (0x40 bytes), align: 2
  Segment part 4.             Intra module refs:   g_pfnVectors
           ENTRY                   ADDRESS         REF BY
           =====                   =======         ======
           ResetISR                000025C5        Absolute parts (?ABS_ENTRY_MOD)
               stack 1 = 00000000 ( 00000004 )
    -------------------------------------------------------------------------
CODE
  Relative segment, address: 00002604 - 00002605 (0x2 bytes), align: 2
  Segment part 5.             Intra module refs:   g_pfnVectors
           LOCAL                   ADDRESS         
           =====                   =======         
           NmiSR                   00002605 
    -------------------------------------------------------------------------
CODE
  Relative segment, address: 00002608 - 00002609 (0x2 bytes), align: 2
  Segment part 6.             Intra module refs:   g_pfnVectors
           LOCAL                   ADDRESS         
           =====                   =======         
           FaultISR                00002609 
    -------------------------------------------------------------------------
CODE
  Relative segment, address: 0000260C - 0000260D (0x2 bytes), align: 2
  Segment part 7.             Intra module refs:   g_pfnVectors
           LOCAL                   ADDRESS         
           =====                   =======         
           IntDefaultHandler       0000260D 

    *************************************************************************

  FILE NAME : E:\电脑鼠资料\光盘内容\Demo\Maze\Maze\Debug\Obj\zlg7289.r79
  PROGRAM MODULE, NAME : zlg7289

  SEGMENTS IN THE MODULE
  ======================
CODE
  Relative segment, address: 00002610 - 0000262B (0x1c bytes), align: 2
  Segment part 3.             Intra module refs:   __zlg7289SPIWrite
                                                   zlg7289Cmd
                                                   zlg7289CmdDat
           ENTRY                   ADDRESS         REF BY
           =====                   =======         ======
           __delayNuS              00002611 
               stack 1 = 00000000 ( 00000008 )
    -------------------------------------------------------------------------
CODE
  Relative segment, address: 0000262C - 00002695 (0x6a bytes), align: 2
  Segment part 4.             Intra module refs:   zlg7289Cmd
                                                   zlg7289CmdDat
           ENTRY                   ADDRESS         REF BY
           =====                   =======         ======
           __zlg7289SPIWrite       0000262D 
               stack 1 = 00000000 ( 0000000C )
    -------------------------------------------------------------------------
CODE
  Relative segment, address: 00002698 - 000026C7 (0x30 bytes), align: 2
  Segment part 6.             Intra module refs:   zlg7289Init
           ENTRY                   ADDRESS         REF BY
           =====                   =======         ======
           zlg7289Cmd              00002699        main (maze)
               stack 1 = 00000000 ( 00000008 )
    -------------------------------------------------------------------------
CODE
  Relative segment, address: 000026C8 - 00002709 (0x42 bytes), align: 2
  Segment part 7.             Intra module refs:   zlg7289Download
           ENTRY                   ADDRESS         REF BY
           =====                   =======         ======
           zlg7289CmdDat           000026C9 
               stack 1 = 00000000 ( 0000000C )
    -------------------------------------------------------------------------
CODE
  Relative segment, address: 0000270C - 00002753 (0x48 bytes), align: 2
  Segment part 8.
           ENTRY                   ADDRESS         REF BY
           =====                   =======         ======
           zlg7289Download         0000270D        __mazeInfDebug (Mouse_Drive)
                                                   __wallCheck (Mouse_Drive)
                                                   sensorDebug (Mouse_Drive)
                                                   voltageDetect (Mouse_Drive)
               stack 1 = 00000000 ( 00000018 )
    -------------------------------------------------------------------------
CODE
  Relative segment, address: 00002754 - 0000279B (0x48 bytes), align: 2
  Segment part 10.
           ENTRY                   ADDRESS         REF BY
           =====                   =======         ======
           zlg7289Init             00002755        main (maze)
               stack 1 = 00000000 ( 00000004 )
    -------------------------------------------------------------------------
DATA_C
  Relative segment, address: 00002924 - 00002926 (0x3 bytes), align: 0
  Segment part 2.             Intra module refs:   zlg7289Download

    *************************************************************************

  FILE NAME : C:\Program Files\IAR Systems\Embedded Workbench 4.0 Kickstart\arm\LIB\dl7mptnnl8n.r79
  LIBRARY MODULE, NAME : ?div_module

  SEGMENTS IN THE MODULE
  ======================
CODE
  Relative segment, address: 0000279C - 000027A7 (0xc bytes), align: 2
  Segment part 2.
           ENTRY                   ADDRESS         REF BY
           =====                   =======         ======
           ??divu32_t              0000279D        voltageDetect (Mouse_Drive)
    -------------------------------------------------------------------------
CODE
  Relative segment, address: 000027A8 - 000027B3 (0xc bytes), align: 2
  Segment part 5.
           ENTRY                   ADDRESS         REF BY
           =====                   =======         ======
           ??div32_t               000027A9        Timer0A_ISR (Mouse_Drive)
                                                   Timer1A_ISR (Mouse_Drive)
                                                   __irCheck (Mouse_Drive)
                                                   __leftMotorContr (Mouse_Drive)
                                                   __mazeInfDebug (Mouse_Drive)
                                                   __rightMotorContr (Mouse_Drive)
                                                   __wallCheck (Mouse_Drive)
                                                   mazeBlockDataGet (maze)
                                                   mouseTurnback (Mouse_Drive)
                                                   mouseTurnleft (Mouse_Drive)
                                                   mouseTurnright (Mouse_Drive)
                                                   objectGoTo (maze)
                                                   rightMethod (maze)




                ****************************************
                *                                      *
                *      SEGMENTS IN ADDRESS ORDER       *
                *                                      *
                ****************************************


SEGMENT              SPACE    START ADDRESS   END ADDRESS     SIZE  TYPE  ALIGN
=======              =====    =============   ===========     ====  ====  =====
INTVEC                             00000000 - 000000EF          F0   rel    2
CODE                               000000F0 - 000027B3        26C4   rel    2
INITTAB                            000027B4 - 000027CB          18   rel    2
DATA_ID                            000027CC - 000028D4         109   rel    2
DATA_C                             000028D8 - 00002926          4F   rel    2
DATA_I                             20000000 - 20000108         109   rel    2
DATA_Z                             2000010C - 20000D8B         C80   rel    2

                ****************************************
                *                                      *
                *        END OF CROSS REFERENCE        *
                *                                      *
                ****************************************

 10 164 bytes of CODE  memory
  3 465 bytes of DATA  memory
    368 bytes of CONST memory

Errors: none
Warnings: none

